Archive member included to satisfy reference by file (symbol)

c:/st/stm32cubeide_1.11.2/stm32cubeide/plugins/com.st.stm32cube.ide.mcu.externaltools.gnu-tools-for-stm32.10.3-2021.10.win32_1.0.200.202301161003/tools/bin/../lib/gcc/arm-none-eabi/10.3.1/../../../../arm-none-eabi/lib/thumb/v7e-m+fp/hard\libc_nano.a(lib_a-errno.o)
                              ./Core/Src/syscalls.o (__errno)
c:/st/stm32cubeide_1.11.2/stm32cubeide/plugins/com.st.stm32cube.ide.mcu.externaltools.gnu-tools-for-stm32.10.3-2021.10.win32_1.0.200.202301161003/tools/bin/../lib/gcc/arm-none-eabi/10.3.1/../../../../arm-none-eabi/lib/thumb/v7e-m+fp/hard\libc_nano.a(lib_a-exit.o)
                              c:/st/stm32cubeide_1.11.2/stm32cubeide/plugins/com.st.stm32cube.ide.mcu.externaltools.gnu-tools-for-stm32.10.3-2021.10.win32_1.0.200.202301161003/tools/bin/../lib/gcc/arm-none-eabi/10.3.1/../../../../arm-none-eabi/lib/thumb/v7e-m+fp/hard/crt0.o (exit)
c:/st/stm32cubeide_1.11.2/stm32cubeide/plugins/com.st.stm32cube.ide.mcu.externaltools.gnu-tools-for-stm32.10.3-2021.10.win32_1.0.200.202301161003/tools/bin/../lib/gcc/arm-none-eabi/10.3.1/../../../../arm-none-eabi/lib/thumb/v7e-m+fp/hard\libc_nano.a(lib_a-impure.o)
                              c:/st/stm32cubeide_1.11.2/stm32cubeide/plugins/com.st.stm32cube.ide.mcu.externaltools.gnu-tools-for-stm32.10.3-2021.10.win32_1.0.200.202301161003/tools/bin/../lib/gcc/arm-none-eabi/10.3.1/../../../../arm-none-eabi/lib/thumb/v7e-m+fp/hard\libc_nano.a(lib_a-exit.o) (_global_impure_ptr)
c:/st/stm32cubeide_1.11.2/stm32cubeide/plugins/com.st.stm32cube.ide.mcu.externaltools.gnu-tools-for-stm32.10.3-2021.10.win32_1.0.200.202301161003/tools/bin/../lib/gcc/arm-none-eabi/10.3.1/../../../../arm-none-eabi/lib/thumb/v7e-m+fp/hard\libc_nano.a(lib_a-init.o)
                              c:/st/stm32cubeide_1.11.2/stm32cubeide/plugins/com.st.stm32cube.ide.mcu.externaltools.gnu-tools-for-stm32.10.3-2021.10.win32_1.0.200.202301161003/tools/bin/../lib/gcc/arm-none-eabi/10.3.1/../../../../arm-none-eabi/lib/thumb/v7e-m+fp/hard/crt0.o (__libc_init_array)
c:/st/stm32cubeide_1.11.2/stm32cubeide/plugins/com.st.stm32cube.ide.mcu.externaltools.gnu-tools-for-stm32.10.3-2021.10.win32_1.0.200.202301161003/tools/bin/../lib/gcc/arm-none-eabi/10.3.1/../../../../arm-none-eabi/lib/thumb/v7e-m+fp/hard\libc_nano.a(lib_a-memset.o)
                              c:/st/stm32cubeide_1.11.2/stm32cubeide/plugins/com.st.stm32cube.ide.mcu.externaltools.gnu-tools-for-stm32.10.3-2021.10.win32_1.0.200.202301161003/tools/bin/../lib/gcc/arm-none-eabi/10.3.1/../../../../arm-none-eabi/lib/thumb/v7e-m+fp/hard/crt0.o (memset)
c:/st/stm32cubeide_1.11.2/stm32cubeide/plugins/com.st.stm32cube.ide.mcu.externaltools.gnu-tools-for-stm32.10.3-2021.10.win32_1.0.200.202301161003/tools/bin/../lib/gcc/arm-none-eabi/10.3.1/../../../../arm-none-eabi/lib/thumb/v7e-m+fp/hard\libc_nano.a(lib_a-rand.o)
                              ./Core/Src/ws2812.o (rand)
c:/st/stm32cubeide_1.11.2/stm32cubeide/plugins/com.st.stm32cube.ide.mcu.externaltools.gnu-tools-for-stm32.10.3-2021.10.win32_1.0.200.202301161003/tools/bin/../lib/gcc/arm-none-eabi/10.3.1/../../../../arm-none-eabi/lib/thumb/v7e-m+fp/hard\libc_nano.a(lib_a-assert.o)
                              c:/st/stm32cubeide_1.11.2/stm32cubeide/plugins/com.st.stm32cube.ide.mcu.externaltools.gnu-tools-for-stm32.10.3-2021.10.win32_1.0.200.202301161003/tools/bin/../lib/gcc/arm-none-eabi/10.3.1/../../../../arm-none-eabi/lib/thumb/v7e-m+fp/hard\libc_nano.a(lib_a-rand.o) (__assert_func)
c:/st/stm32cubeide_1.11.2/stm32cubeide/plugins/com.st.stm32cube.ide.mcu.externaltools.gnu-tools-for-stm32.10.3-2021.10.win32_1.0.200.202301161003/tools/bin/../lib/gcc/arm-none-eabi/10.3.1/../../../../arm-none-eabi/lib/thumb/v7e-m+fp/hard\libc_nano.a(lib_a-fprintf.o)
                              c:/st/stm32cubeide_1.11.2/stm32cubeide/plugins/com.st.stm32cube.ide.mcu.externaltools.gnu-tools-for-stm32.10.3-2021.10.win32_1.0.200.202301161003/tools/bin/../lib/gcc/arm-none-eabi/10.3.1/../../../../arm-none-eabi/lib/thumb/v7e-m+fp/hard\libc_nano.a(lib_a-assert.o) (fiprintf)
c:/st/stm32cubeide_1.11.2/stm32cubeide/plugins/com.st.stm32cube.ide.mcu.externaltools.gnu-tools-for-stm32.10.3-2021.10.win32_1.0.200.202301161003/tools/bin/../lib/gcc/arm-none-eabi/10.3.1/../../../../arm-none-eabi/lib/thumb/v7e-m+fp/hard\libc_nano.a(lib_a-malloc.o)
                              c:/st/stm32cubeide_1.11.2/stm32cubeide/plugins/com.st.stm32cube.ide.mcu.externaltools.gnu-tools-for-stm32.10.3-2021.10.win32_1.0.200.202301161003/tools/bin/../lib/gcc/arm-none-eabi/10.3.1/../../../../arm-none-eabi/lib/thumb/v7e-m+fp/hard\libc_nano.a(lib_a-rand.o) (malloc)
c:/st/stm32cubeide_1.11.2/stm32cubeide/plugins/com.st.stm32cube.ide.mcu.externaltools.gnu-tools-for-stm32.10.3-2021.10.win32_1.0.200.202301161003/tools/bin/../lib/gcc/arm-none-eabi/10.3.1/../../../../arm-none-eabi/lib/thumb/v7e-m+fp/hard\libc_nano.a(lib_a-nano-freer.o)
[...]
Memory Configuration

Name             Origin             Length             Attributes
FLASH            0x0000000008000000 0x0000000000080000 xr
RAM1             0x0000000020000008 0x000000000002fff8 xrw
RAM_SHARED       0x0000000020030000 0x0000000000002800 xrw
*default*        0x0000000000000000 0xffffffffffffffff

Linker script and memory map

LOAD c:/st/stm32cubeide_1.11.2/stm32cubeide/plugins/com.st.stm32cube.ide.mcu.externaltools.gnu-tools-for-stm32.10.3-2021.10.win32_1.0.200.202301161003/tools/bin/../lib/gcc/arm-none-eabi/10.3.1/thumb/v7e-m+fp/hard/crti.o
LOAD c:/st/stm32cubeide_1.11.2/stm32cubeide/plugins/com.st.stm32cube.ide.mcu.externaltools.gnu-tools-for-stm32.10.3-2021.10.win32_1.0.200.202301161003/tools/bin/../lib/gcc/arm-none-eabi/10.3.1/thumb/v7e-m+fp/hard/crtbegin.o
LOAD c:/st/stm32cubeide_1.11.2/stm32cubeide/plugins/com.st.stm32cube.ide.mcu.externaltools.gnu-tools-for-stm32.10.3-2021.10.win32_1.0.200.202301161003/tools/bin/../lib/gcc/arm-none-eabi/10.3.1/../../../../arm-none-eabi/lib/thumb/v7e-m+fp/hard/crt0.o
LOAD ./Core/Src/dma.o
LOAD ./Core/Src/gpio.o
LOAD ./Core/Src/main.o
LOAD ./Core/Src/stm32wbxx_it.o
LOAD ./Core/Src/syscalls.o
LOAD ./Core/Src/sysmem.o
LOAD ./Core/Src/system_stm32wbxx.o
LOAD ./Core/Src/usart.o
LOAD ./Core/Src/ws2812.o
LOAD ./Core/Startup/startup_stm32wb55rgvx.o
LOAD ./Drivers/STM32WBxx_HAL_Driver/Src/stm32wbxx_ll_dma.o
LOAD ./Drivers/STM32WBxx_HAL_Driver/Src/stm32wbxx_ll_exti.o
LOAD ./Drivers/STM32WBxx_HAL_Driver/Src/stm32wbxx_ll_gpio.o
LOAD ./Drivers/STM32WBxx_HAL_Driver/Src/stm32wbxx_ll_pwr.o
LOAD ./Drivers/STM32WBxx_HAL_Driver/Src/stm32wbxx_ll_rcc.o
LOAD ./Drivers/STM32WBxx_HAL_Driver/Src/stm32wbxx_ll_usart.o
LOAD ./Drivers/STM32WBxx_HAL_Driver/Src/stm32wbxx_ll_utils.o
START GROUP
LOAD c:/st/stm32cubeide_1.11.2/stm32cubeide/plugins/com.st.stm32cube.ide.mcu.externaltools.gnu-tools-for-stm32.10.3-2021.10.win32_1.0.200.202301161003/tools/bin/../lib/gcc/arm-none-eabi/10.3.1/../../../../arm-none-eabi/lib/thumb/v7e-m+fp/hard\libc_nano.a
LOAD c:/st/stm32cubeide_1.11.2/stm32cubeide/plugins/com.st.stm32cube.ide.mcu.externaltools.gnu-tools-for-stm32.10.3-2021.10.win32_1.0.200.202301161003/tools/bin/../lib/gcc/arm-none-eabi/10.3.1/../../../../arm-none-eabi/lib/thumb/v7e-m+fp/hard\libm.a
END GROUP
START GROUP
LOAD c:/st/stm32cubeide_1.11.2/stm32cubeide/plugins/com.st.stm32cube.ide.mcu.externaltools.gnu-tools-for-stm32.10.3-2021.10.win32_1.0.200.202301161003/tools/bin/../lib/gcc/arm-none-eabi/10.3.1/thumb/v7e-m+fp/hard\libgcc.a
LOAD c:/st/stm32cubeide_1.11.2/stm32cubeide/plugins/com.st.stm32cube.ide.mcu.externaltools.gnu-tools-for-stm32.10.3-2021.10.win32_1.0.200.202301161003/tools/bin/../lib/gcc/arm-none-eabi/10.3.1/../../../../arm-none-eabi/lib/thumb/v7e-m+fp/hard\libc_nano.a
END GROUP
START GROUP
LOAD c:/st/stm32cubeide_1.11.2/stm32cubeide/plugins/com.st.stm32cube.ide.mcu.externaltools.gnu-tools-for-stm32.10.3-2021.10.win32_1.0.200.202301161003/tools/bin/../lib/gcc/arm-none-eabi/10.3.1/thumb/v7e-m+fp/hard\libgcc.a
LOAD c:/st/stm32cubeide_1.11.2/stm32cubeide/plugins/com.st.stm32cube.ide.mcu.externaltools.gnu-tools-for-stm32.10.3-2021.10.win32_1.0.200.202301161003/tools/bin/../lib/gcc/arm-none-eabi/10.3.1/../../../../arm-none-eabi/lib/thumb/v7e-m+fp/hard\libc_nano.a
LOAD c:/st/stm32cubeide_1.11.2/stm32cubeide/plugins/com.st.stm32cube.ide.mcu.externaltools.gnu-tools-for-stm32.10.3-2021.10.win32_1.0.200.202301161003/tools/bin/../lib/gcc/arm-none-eabi/10.3.1/../../../../arm-none-eabi/lib/thumb/v7e-m+fp/hard\libnosys.a
END GROUP
START GROUP
LOAD c:/st/stm32cubeide_1.11.2/stm32cubeide/plugins/com.st.stm32cube.ide.mcu.externaltools.gnu-tools-for-stm32.10.3-2021.10.win32_1.0.200.202301161003/tools/bin/../lib/gcc/arm-none-eabi/10.3.1/thumb/v7e-m+fp/hard\libgcc.a
LOAD c:/st/stm32cubeide_1.11.2/stm32cubeide/plugins/com.st.stm32cube.ide.mcu.externaltools.gnu-tools-for-stm32.10.3-2021.10.win32_1.0.200.202301161003/tools/bin/../lib/gcc/arm-none-eabi/10.3.1/../../../../arm-none-eabi/lib/thumb/v7e-m+fp/hard\libc_nano.a
LOAD c:/st/stm32cubeide_1.11.2/stm32cubeide/plugins/com.st.stm32cube.ide.mcu.externaltools.gnu-tools-for-stm32.10.3-2021.10.win32_1.0.200.202301161003/tools/bin/../lib/gcc/arm-none-eabi/10.3.1/../../../../arm-none-eabi/lib/thumb/v7e-m+fp/hard\libnosys.a
END GROUP
LOAD c:/st/stm32cubeide_1.11.2/stm32cubeide/plugins/com.st.stm32cube.ide.mcu.externaltools.gnu-tools-for-stm32.10.3-2021.10.win32_1.0.200.202301161003/tools/bin/../lib/gcc/arm-none-eabi/10.3.1/thumb/v7e-m+fp/hard/crtend.o
LOAD c:/st/stm32cubeide_1.11.2/stm32cubeide/plugins/com.st.stm32cube.ide.mcu.externaltools.gnu-tools-for-stm32.10.3-2021.10.win32_1.0.200.202301161003/tools/bin/../lib/gcc/arm-none-eabi/10.3.1/thumb/v7e-m+fp/hard/crtn.o
                0x0000000020030000                _estack = (ORIGIN (RAM1) + LENGTH (RAM1))
                0x0000000000000200                _Min_Heap_Size = 0x200
                0x0000000000000400                _Min_Stack_Size = 0x400

.isr_vector     0x0000000008000000      0x13c
                0x0000000008000000                . = ALIGN (0x4)
 *(.isr_vector)
 .isr_vector    0x0000000008000000      0x13c ./Core/Startup/startup_stm32wb55rgvx.o
                0x0000000008000000                g_pfnVectors
                0x000000000800013c                . = ALIGN (0x4)

.text           0x0000000008000140     0x40ac
                0x0000000008000140                . = ALIGN (0x4)
 *(.text)
 .text          0x0000000008000140       0x40 c:/st/stm32cubeide_1.11.2/stm32cubeide/plugins/com.st.stm32cube.ide.mcu.externaltools.gnu-tools-for-stm32.10.3-2021.10.win32_1.0.200.202301161003/tools/bin/../lib/gcc/arm-none-eabi/10.3.1/thumb/v7e-m+fp/hard/crtbegin.o
 .text          0x0000000008000180       0xa0 c:/st/stm32cubeide_1.11.2/stm32cubeide/plugins/com.st.stm32cube.ide.mcu.externaltools.gnu-tools-for-stm32.10.3-2021.10.win32_1.0.200.202301161003/tools/bin/../lib/gcc/arm-none-eabi/10.3.1/../../../../arm-none-eabi/lib/thumb/v7e-m+fp/hard\libc_nano.a(lib_a-memchr.o)
                0x0000000008000180                memchr
 *(.text*)
 .text.__NVIC_GetPriorityGrouping
                0x0000000008000220       0x1c ./Core/Src/dma.o
 .text.__NVIC_EnableIRQ
                0x000000000800023c       0x3c ./Core/Src/dma.o
 .text.__NVIC_SetPriority
                0x0000000008000278       0x54 ./Core/Src/dma.o
 .text.NVIC_EncodePriority
                0x00000000080002cc       0x66 ./Core/Src/dma.o
 .text.LL_AHB1_GRP1_EnableClock
                0x0000000008000332       0x32 ./Core/Src/dma.o
 .text.MX_DMA_Init
                0x0000000008000364       0x34 ./Core/Src/dma.o
                0x0000000008000364                MX_DMA_Init
 .text.LL_AHB2_GRP1_EnableClock
                0x0000000008000398       0x32 ./Core/Src/gpio.o
 .text.LL_GPIO_ResetOutputPin
                0x00000000080003ca       0x1c ./Core/Src/gpio.o
 *fill*         0x00000000080003e6        0x2 
 .text.MX_GPIO_Init
                0x00000000080003e8       0xbc ./Core/Src/gpio.o
                0x00000000080003e8                MX_GPIO_Init
 .text.__NVIC_SetPriorityGrouping
                0x00000000080004a4       0x48 ./Core/Src/main.o
 .text.__NVIC_EnableIRQ
                0x00000000080004ec       0x3c ./Core/Src/main.o
 .text.LL_DMA_EnableIT_TC
                0x0000000008000528       0x80 ./Core/Src/main.o
 .text.LL_DMA_EnableIT_HT
                0x00000000080005a8       0x80 ./Core/Src/main.o
 .text.LL_RCC_HSE_Enable
                0x0000000008000628       0x1e ./Core/Src/main.o
 .text.LL_RCC_HSE_IsReady
                0x0000000008000646       0x24 ./Core/Src/main.o
 .text.LL_RCC_HSI_Enable
                0x000000000800066a       0x1e ./Core/Src/main.o
 .text.LL_RCC_HSI_IsReady
                0x0000000008000688       0x24 ./Core/Src/main.o
 .text.LL_RCC_MSI_Enable
                0x00000000080006ac       0x1e ./Core/Src/main.o
 .text.LL_RCC_MSI_IsReady
                0x00000000080006ca       0x22 ./Core/Src/main.o
 .text.LL_RCC_SetSysClkSource
                0x00000000080006ec       0x28 ./Core/Src/main.o
 .text.LL_RCC_GetSysClkSource
                0x0000000008000714       0x18 ./Core/Src/main.o
 .text.LL_RCC_SetRFWKPClockSource
                0x000000000800072c       0x2c ./Core/Src/main.o
 .text.LL_RCC_SetAHBPrescaler
                0x0000000008000758       0x28 ./Core/Src/main.o
 .text.LL_C2_RCC_SetAHBPrescaler
                0x0000000008000780       0x2c ./Core/Src/main.o
 .text.LL_RCC_SetAHB4Prescaler
                0x00000000080007ac       0x2e ./Core/Src/main.o
 .text.LL_RCC_SetAPB1Prescaler
                0x00000000080007da       0x28 ./Core/Src/main.o
 .text.LL_RCC_SetAPB2Prescaler
                0x0000000008000802       0x28 ./Core/Src/main.o
 .text.LL_RCC_SetSMPSClockSource
                0x000000000800082a       0x28 ./Core/Src/main.o
 .text.LL_RCC_SetSMPSPrescaler
                0x0000000008000852       0x28 ./Core/Src/main.o
 .text.LL_RCC_PLL_Enable
                0x000000000800087a       0x1e ./Core/Src/main.o
 .text.LL_RCC_PLL_IsReady
                0x0000000008000898       0x24 ./Core/Src/main.o
 .text.LL_RCC_PLL_ConfigDomain_SYS
                0x00000000080008bc       0x40 ./Core/Src/main.o
 .text.LL_RCC_PLL_EnableDomain_SYS
                0x00000000080008fc       0x1e ./Core/Src/main.o
 *fill*         0x000000000800091a        0x2 
 .text.LL_FLASH_SetLatency
                0x000000000800091c       0x28 ./Core/Src/main.o
 .text.LL_FLASH_GetLatency
                0x0000000008000944       0x1c ./Core/Src/main.o
 .text.LL_SYSTICK_EnableIT
                0x0000000008000960       0x20 ./Core/Src/main.o
 .text.main     0x0000000008000980      0x14c ./Core/Src/main.o
                0x0000000008000980                main
 .text.SystemClock_Config
                0x0000000008000acc       0xac ./Core/Src/main.o
                0x0000000008000acc                SystemClock_Config
 .text.PeriphCommonClock_Config
                0x0000000008000b78       0x1a ./Core/Src/main.o
                0x0000000008000b78                PeriphCommonClock_Config
 *fill*         0x0000000008000b92        0x2 
 .text.GetTick  0x0000000008000b94       0x18 ./Core/Src/main.o
                0x0000000008000b94                GetTick
 .text.Tick_add
                0x0000000008000bac       0x1c ./Core/Src/main.o
                0x0000000008000bac                Tick_add
 .text.Refresch_SysTick
                0x0000000008000bc8       0x38 ./Core/Src/main.o
                0x0000000008000bc8                Refresch_SysTick
 .text.NMI_Handler
                0x0000000008000c00        0x6 ./Core/Src/stm32wbxx_it.o
                0x0000000008000c00                NMI_Handler
 .text.HardFault_Handler
                0x0000000008000c06        0x6 ./Core/Src/stm32wbxx_it.o
                0x0000000008000c06                HardFault_Handler
 .text.MemManage_Handler
                0x0000000008000c0c        0x6 ./Core/Src/stm32wbxx_it.o
                0x0000000008000c0c                MemManage_Handler
 .text.BusFault_Handler
                0x0000000008000c12        0x6 ./Core/Src/stm32wbxx_it.o
                0x0000000008000c12                BusFault_Handler
 .text.UsageFault_Handler
                0x0000000008000c18        0x6 ./Core/Src/stm32wbxx_it.o
                0x0000000008000c18                UsageFault_Handler
 .text.SVC_Handler
                0x0000000008000c1e        0xe ./Core/Src/stm32wbxx_it.o
                0x0000000008000c1e                SVC_Handler
 .text.DebugMon_Handler
                0x0000000008000c2c        0xe ./Core/Src/stm32wbxx_it.o
                0x0000000008000c2c                DebugMon_Handler
 .text.PendSV_Handler
                0x0000000008000c3a        0xe ./Core/Src/stm32wbxx_it.o
                0x0000000008000c3a                PendSV_Handler
 .text.SysTick_Handler
                0x0000000008000c48        0xc ./Core/Src/stm32wbxx_it.o
                0x0000000008000c48                SysTick_Handler
 .text.DMA1_Channel1_IRQHandler
                0x0000000008000c54        0xc ./Core/Src/stm32wbxx_it.o
                0x0000000008000c54                DMA1_Channel1_IRQHandler
 .text._getpid  0x0000000008000c60       0x10 ./Core/Src/syscalls.o
                0x0000000008000c60                _getpid
 .text._kill    0x0000000008000c70       0x20 ./Core/Src/syscalls.o
                0x0000000008000c70                _kill
 .text._exit    0x0000000008000c90       0x14 ./Core/Src/syscalls.o
                0x0000000008000c90                _exit
 .text._read    0x0000000008000ca4       0x3a ./Core/Src/syscalls.o
                0x0000000008000ca4                _read
 .text._write   0x0000000008000cde       0x38 ./Core/Src/syscalls.o
                0x0000000008000cde                _write
 .text._close   0x0000000008000d16       0x18 ./Core/Src/syscalls.o
                0x0000000008000d16                _close
 .text._fstat   0x0000000008000d2e       0x20 ./Core/Src/syscalls.o
                0x0000000008000d2e                _fstat
 .text._isatty  0x0000000008000d4e       0x16 ./Core/Src/syscalls.o
                0x0000000008000d4e                _isatty
 .text._lseek   0x0000000008000d64       0x1a ./Core/Src/syscalls.o
                0x0000000008000d64                _lseek
 *fill*         0x0000000008000d7e        0x2 
 .text._sbrk    0x0000000008000d80       0x6c ./Core/Src/sysmem.o
                0x0000000008000d80                _sbrk
 .text.SystemInit
                0x0000000008000dec       0xa4 ./Core/Src/system_stm32wbxx.o
                0x0000000008000dec                SystemInit
 .text.LL_DMA_SetDataTransferDirection
                0x0000000008000e90       0x88 ./Core/Src/usart.o
 .text.LL_DMA_SetMode
                0x0000000008000f18       0x84 ./Core/Src/usart.o
 .text.LL_DMA_SetPeriphIncMode
                0x0000000008000f9c       0x84 ./Core/Src/usart.o
 .text.LL_DMA_SetMemoryIncMode
                0x0000000008001020       0x84 ./Core/Src/usart.o
 .text.LL_DMA_SetPeriphSize
                0x00000000080010a4       0x84 ./Core/Src/usart.o
 .text.LL_DMA_SetMemorySize
                0x0000000008001128       0x84 ./Core/Src/usart.o
 .text.LL_DMA_SetChannelPriorityLevel
                0x00000000080011ac       0x84 ./Core/Src/usart.o
 .text.LL_DMA_SetPeriphRequest
                0x0000000008001230       0x64 ./Core/Src/usart.o
 .text.LL_RCC_SetUSARTClockSource
                0x0000000008001294       0x2c ./Core/Src/usart.o
 .text.LL_AHB2_GRP1_EnableClock
                0x00000000080012c0       0x32 ./Core/Src/usart.o
 .text.LL_APB2_GRP1_EnableClock
                0x00000000080012f2       0x32 ./Core/Src/usart.o
 .text.LL_USART_Enable
                0x0000000008001324       0x20 ./Core/Src/usart.o
 .text.LL_USART_EnableFIFO
                0x0000000008001344       0x20 ./Core/Src/usart.o
 .text.LL_USART_SetTXFIFOThreshold
                0x0000000008001364       0x4e ./Core/Src/usart.o
 .text.LL_USART_SetRXFIFOThreshold
                0x00000000080013b2       0x4e ./Core/Src/usart.o
 .text.LL_USART_SetTXPinLevel
                0x0000000008001400       0x26 ./Core/Src/usart.o
 .text.LL_USART_ConfigAsyncMode
                0x0000000008001426       0x2c ./Core/Src/usart.o
 .text.LL_USART_IsActiveFlag_TEACK
                0x0000000008001452       0x28 ./Core/Src/usart.o
 .text.LL_USART_IsActiveFlag_REACK
                0x000000000800147a       0x28 ./Core/Src/usart.o
 *fill*         0x00000000080014a2        0x2 
 .text.MX_USART1_UART_Init
                0x00000000080014a4      0x168 ./Core/Src/usart.o
                0x00000000080014a4                MX_USART1_UART_Init
 .text.__NVIC_EnableIRQ
                0x000000000800160c       0x3c ./Core/Src/ws2812.o
 .text.LL_DMA_EnableChannel
                0x0000000008001648       0x80 ./Core/Src/ws2812.o
 .text.LL_DMA_DisableChannel
                0x00000000080016c8       0x80 ./Core/Src/ws2812.o
 .text.LL_DMA_IsEnabledChannel
                0x0000000008001748       0x5c ./Core/Src/ws2812.o
 .text.LL_DMA_SetDataLength
                0x00000000080017a4       0x84 ./Core/Src/ws2812.o
 .text.LL_DMA_ConfigAddresses
                0x0000000008001828       0xe8 ./Core/Src/ws2812.o
 .text.LL_DMA_IsActiveFlag_TC1
                0x0000000008001910       0x26 ./Core/Src/ws2812.o
 .text.LL_DMA_IsActiveFlag_HT1
                0x0000000008001936       0x26 ./Core/Src/ws2812.o
 .text.LL_DMA_ClearFlag_TC1
                0x000000000800195c       0x1a ./Core/Src/ws2812.o
 .text.LL_DMA_ClearFlag_HT1
                0x0000000008001976       0x1a ./Core/Src/ws2812.o
 .text.LL_DMA_EnableIT_TC
                0x0000000008001990       0x80 ./Core/Src/ws2812.o
 .text.LL_DMA_EnableIT_HT
                0x0000000008001a10       0x80 ./Core/Src/ws2812.o
 .text.LL_USART_EnableDMAReq_TX
                0x0000000008001a90       0x46 ./Core/Src/ws2812.o
 .text.LL_USART_DMA_GetRegAddr
                0x0000000008001ad6       0x2c ./Core/Src/ws2812.o
 *fill*         0x0000000008001b02        0x2 
 .text.ws2811_refresh
                0x0000000008001b04      0x18c ./Core/Src/ws2812.o
                0x0000000008001b04                ws2811_refresh
 .text.ws2811_refresh_IRQ
                0x0000000008001c90      0x300 ./Core/Src/ws2812.o
                0x0000000008001c90                ws2811_refresh_IRQ
 .text.ws2811_set_diode_HSV
                0x0000000008001f90      0x2e0 ./Core/Src/ws2812.o
                0x0000000008001f90                ws2811_set_diode_HSV
 .text.WS2811_set_color_HSV
                0x0000000008002270       0x4a ./Core/Src/ws2812.o
                0x0000000008002270                WS2811_set_color_HSV
 .text.WS2811_flash
                0x00000000080022ba       0x64 ./Core/Src/ws2812.o
                0x00000000080022ba                WS2811_flash
 *fill*         0x000000000800231e        0x2 
 .text.WS2811_flash_color
                0x0000000008002320       0xb8 ./Core/Src/ws2812.o
                0x0000000008002320                WS2811_flash_color
 .text.WS2811_snake
                0x00000000080023d8      0x1b4 ./Core/Src/ws2812.o
                0x00000000080023d8                WS2811_snake
 .text.WS2811_rainbow_flow
                0x000000000800258c       0xa0 ./Core/Src/ws2812.o
                0x000000000800258c                WS2811_rainbow_flow
 .text.color_change
                0x000000000800262c       0x88 ./Core/Src/ws2812.o
                0x000000000800262c                color_change
 .text.data_initializers
                0x00000000080026b4       0x18 ./Core/Startup/startup_stm32wb55rgvx.o
 .text.Reset_Handler
                0x00000000080026cc       0x58 ./Core/Startup/startup_stm32wb55rgvx.o
                0x00000000080026cc                Reset_Handler
 .text.Default_Handler
                0x0000000008002724        0x2 ./Core/Startup/startup_stm32wb55rgvx.o
                0x0000000008002724                RTC_Alarm_IRQHandler
                0x0000000008002724                EXTI2_IRQHandler
                0x0000000008002724                TIM1_CC_IRQHandler
                0x0000000008002724                TSC_IRQHandler
                0x0000000008002724                USB_HP_IRQHandler
                0x0000000008002724                EXTI3_IRQHandler
                0x0000000008002724                LPTIM2_IRQHandler
                0x0000000008002724                I2C3_ER_IRQHandler
                0x0000000008002724                EXTI0_IRQHandler
                0x0000000008002724                FPU_IRQHandler
                0x0000000008002724                TIM1_UP_TIM16_IRQHandler
                0x0000000008002724                AES1_IRQHandler
                0x0000000008002724                SPI1_IRQHandler
                0x0000000008002724                PWR_SOTF_BLEACT_802ACT_RFPHASE_IRQHandler
                0x0000000008002724                DMA2_Channel2_IRQHandler
                0x0000000008002724                DMA1_Channel4_IRQHandler
                0x0000000008002724                ADC1_IRQHandler
                0x0000000008002724                PKA_IRQHandler
                0x0000000008002724                DMA1_Channel7_IRQHandler
                0x0000000008002724                LCD_IRQHandler
                0x0000000008002724                IPCC_C1_TX_IRQHandler
                0x0000000008002724                DMA2_Channel1_IRQHandler
                0x0000000008002724                QUADSPI_IRQHandler
                0x0000000008002724                I2C1_EV_IRQHandler
                0x0000000008002724                DMAMUX1_OVR_IRQHandler
                0x0000000008002724                DMA1_Channel6_IRQHandler
                0x0000000008002724                DMA2_Channel4_IRQHandler
                0x0000000008002724                RCC_IRQHandler
                0x0000000008002724                Default_Handler
                0x0000000008002724                DMA2_Channel7_IRQHandler
                0x0000000008002724                EXTI15_10_IRQHandler
                0x0000000008002724                IPCC_C1_RX_IRQHandler
                0x0000000008002724                C2SEV_PWR_C2H_IRQHandler
                0x0000000008002724                AES2_IRQHandler
                0x0000000008002724                I2C3_EV_IRQHandler
                0x0000000008002724                EXTI9_5_IRQHandler
                0x0000000008002724                RTC_WKUP_IRQHandler
                0x0000000008002724                PVD_PVM_IRQHandler
                0x0000000008002724                SPI2_IRQHandler
                0x0000000008002724                DMA2_Channel5_IRQHandler
                0x0000000008002724                CRS_IRQHandler
                0x0000000008002724                DMA1_Channel5_IRQHandler
                0x0000000008002724                USB_LP_IRQHandler
                0x0000000008002724                EXTI4_IRQHandler
                0x0000000008002724                RNG_IRQHandler
                0x0000000008002724                TIM1_TRG_COM_TIM17_IRQHandler
                0x0000000008002724                TAMP_STAMP_LSECSS_IRQHandler
                0x0000000008002724                DMA1_Channel3_IRQHandler
                0x0000000008002724                COMP_IRQHandler
                0x0000000008002724                HSEM_IRQHandler
                0x0000000008002724                WWDG_IRQHandler
                0x0000000008002724                LPUART1_IRQHandler
                0x0000000008002724                DMA2_Channel6_IRQHandler
                0x0000000008002724                TIM2_IRQHandler
                0x0000000008002724                TIM1_BRK_IRQHandler
                0x0000000008002724                EXTI1_IRQHandler
                0x0000000008002724                DMA1_Channel2_IRQHandler
                0x0000000008002724                FLASH_IRQHandler
                0x0000000008002724                USART1_IRQHandler
                0x0000000008002724                I2C1_ER_IRQHandler
                0x0000000008002724                LPTIM1_IRQHandler
                0x0000000008002724                SAI1_IRQHandler
                0x0000000008002724                DMA2_Channel3_IRQHandler
 .text.LL_GPIO_SetPinMode
                0x0000000008002726       0x7a ./Drivers/STM32WBxx_HAL_Driver/Src/stm32wbxx_ll_gpio.o
 .text.LL_GPIO_SetPinOutputType
                0x00000000080027a0       0x30 ./Drivers/STM32WBxx_HAL_Driver/Src/stm32wbxx_ll_gpio.o
 .text.LL_GPIO_SetPinSpeed
                0x00000000080027d0       0x7a ./Drivers/STM32WBxx_HAL_Driver/Src/stm32wbxx_ll_gpio.o
 .text.LL_GPIO_SetPinPull
                0x000000000800284a       0x7a ./Drivers/STM32WBxx_HAL_Driver/Src/stm32wbxx_ll_gpio.o
 .text.LL_GPIO_SetAFPin_0_7
                0x00000000080028c4       0x7a ./Drivers/STM32WBxx_HAL_Driver/Src/stm32wbxx_ll_gpio.o
 .text.LL_GPIO_SetAFPin_8_15
                0x000000000800293e       0x7e ./Drivers/STM32WBxx_HAL_Driver/Src/stm32wbxx_ll_gpio.o
 .text.LL_GPIO_Init
                0x00000000080029bc       0xfa ./Drivers/STM32WBxx_HAL_Driver/Src/stm32wbxx_ll_gpio.o
                0x00000000080029bc                LL_GPIO_Init
 .text.LL_RCC_HSE_IsEnabledDiv2
                0x0000000008002ab6       0x24 ./Drivers/STM32WBxx_HAL_Driver/Src/stm32wbxx_ll_rcc.o
 .text.LL_RCC_HSI_IsReady
                0x0000000008002ada       0x24 ./Drivers/STM32WBxx_HAL_Driver/Src/stm32wbxx_ll_rcc.o
 .text.LL_RCC_LSE_IsReady
                0x0000000008002afe       0x24 ./Drivers/STM32WBxx_HAL_Driver/Src/stm32wbxx_ll_rcc.o
 .text.LL_RCC_MSI_GetRange
                0x0000000008002b22       0x2a ./Drivers/STM32WBxx_HAL_Driver/Src/stm32wbxx_ll_rcc.o
 .text.LL_RCC_GetSysClkSource
                0x0000000008002b4c       0x18 ./Drivers/STM32WBxx_HAL_Driver/Src/stm32wbxx_ll_rcc.o
 .text.LL_RCC_GetAHBPrescaler
                0x0000000008002b64       0x18 ./Drivers/STM32WBxx_HAL_Driver/Src/stm32wbxx_ll_rcc.o
 .text.LL_RCC_GetAPB2Prescaler
                0x0000000008002b7c       0x18 ./Drivers/STM32WBxx_HAL_Driver/Src/stm32wbxx_ll_rcc.o
 .text.LL_RCC_GetUSARTClockSource
                0x0000000008002b94       0x20 ./Drivers/STM32WBxx_HAL_Driver/Src/stm32wbxx_ll_rcc.o
 .text.LL_RCC_PLL_GetN
                0x0000000008002bb4       0x1a ./Drivers/STM32WBxx_HAL_Driver/Src/stm32wbxx_ll_rcc.o
 .text.LL_RCC_PLL_GetR
                0x0000000008002bce       0x18 ./Drivers/STM32WBxx_HAL_Driver/Src/stm32wbxx_ll_rcc.o
 .text.LL_RCC_PLL_GetDivider
                0x0000000008002be6       0x18 ./Drivers/STM32WBxx_HAL_Driver/Src/stm32wbxx_ll_rcc.o
 .text.LL_RCC_PLL_GetMainSource
                0x0000000008002bfe       0x18 ./Drivers/STM32WBxx_HAL_Driver/Src/stm32wbxx_ll_rcc.o
 *fill*         0x0000000008002c16        0x2 
 .text.LL_RCC_GetUSARTClockFreq
                0x0000000008002c18       0x7c ./Drivers/STM32WBxx_HAL_Driver/Src/stm32wbxx_ll_rcc.o
                0x0000000008002c18                LL_RCC_GetUSARTClockFreq
 .text.RCC_GetSystemClockFreq
                0x0000000008002c94       0xb4 ./Drivers/STM32WBxx_HAL_Driver/Src/stm32wbxx_ll_rcc.o
 .text.RCC_GetHCLK1ClockFreq
                0x0000000008002d48       0x2c ./Drivers/STM32WBxx_HAL_Driver/Src/stm32wbxx_ll_rcc.o
 .text.RCC_GetPCLK2ClockFreq
                0x0000000008002d74       0x30 ./Drivers/STM32WBxx_HAL_Driver/Src/stm32wbxx_ll_rcc.o
 .text.RCC_PLL_GetFreqDomain_SYS
                0x0000000008002da4       0xac ./Drivers/STM32WBxx_HAL_Driver/Src/stm32wbxx_ll_rcc.o
 .text.LL_USART_IsEnabled
                0x0000000008002e50       0x26 ./Drivers/STM32WBxx_HAL_Driver/Src/stm32wbxx_ll_usart.o
 .text.LL_USART_SetPrescaler
                0x0000000008002e76       0x28 ./Drivers/STM32WBxx_HAL_Driver/Src/stm32wbxx_ll_usart.o
 .text.LL_USART_SetStopBitsLength
                0x0000000008002e9e       0x26 ./Drivers/STM32WBxx_HAL_Driver/Src/stm32wbxx_ll_usart.o
 .text.LL_USART_SetHWFlowCtrl
                0x0000000008002ec4       0x26 ./Drivers/STM32WBxx_HAL_Driver/Src/stm32wbxx_ll_usart.o
 *fill*         0x0000000008002eea        0x2 
 .text.LL_USART_SetBaudRate
                0x0000000008002eec       0xa0 ./Drivers/STM32WBxx_HAL_Driver/Src/stm32wbxx_ll_usart.o
 .text.LL_USART_Init
                0x0000000008002f8c       0xb4 ./Drivers/STM32WBxx_HAL_Driver/Src/stm32wbxx_ll_usart.o
                0x0000000008002f8c                LL_USART_Init
 .text.LL_InitTick
                0x0000000008003040       0x34 ./Drivers/STM32WBxx_HAL_Driver/Src/stm32wbxx_ll_utils.o
 .text.LL_Init1msTick
                0x0000000008003074       0x1a ./Drivers/STM32WBxx_HAL_Driver/Src/stm32wbxx_ll_utils.o
                0x0000000008003074                LL_Init1msTick
 *fill*         0x000000000800308e        0x2 
 .text.LL_mDelay
                0x0000000008003090       0x50 ./Drivers/STM32WBxx_HAL_Driver/Src/stm32wbxx_ll_utils.o
                0x0000000008003090                LL_mDelay
 .text.LL_SetSystemCoreClock
                0x00000000080030e0       0x20 ./Drivers/STM32WBxx_HAL_Driver/Src/stm32wbxx_ll_utils.o
                0x00000000080030e0                LL_SetSystemCoreClock
 .text.__errno  0x0000000008003100        0xc c:/st/stm32cubeide_1.11.2/stm32cubeide/plugins/com.st.stm32cube.ide.mcu.externaltools.gnu-tools-for-stm32.10.3-2021.10.win32_1.0.200.202301161003/tools/bin/../lib/gcc/arm-none-eabi/10.3.1/../../../../arm-none-eabi/lib/thumb/v7e-m+fp/hard\libc_nano.a(lib_a-errno.o)
                0x0000000008003100                __errno
 .text.__libc_init_array
                0x000000000800310c       0x48 c:/st/stm32cubeide_1.11.2/stm32cubeide/plugins/com.st.stm32cube.ide.mcu.externaltools.gnu-tools-for-stm32.10.3-2021.10.win32_1.0.200.202301161003/tools/bin/../lib/gcc/arm-none-eabi/10.3.1/../../../../arm-none-eabi/lib/thumb/v7e-m+fp/hard\libc_nano.a(lib_a-init.o)
                0x000000000800310c                __libc_init_array
 .text.memset   0x0000000008003154       0x10 c:/st/stm32cubeide_1.11.2/stm32cubeide/plugins/com.st.stm32cube.ide.mcu.externaltools.gnu-tools-for-stm32.10.3-2021.10.win32_1.0.200.202301161003/tools/bin/../lib/gcc/arm-none-eabi/10.3.1/../../../../arm-none-eabi/lib/thumb/v7e-m+fp/hard\libc_nano.a(lib_a-memset.o)
                0x0000000008003154                memset
 .text.rand     0x0000000008003164       0x7c c:/st/stm32cubeide_1.11.2/stm32cubeide/plugins/com.st.stm32cube.ide.mcu.externaltools.gnu-tools-for-stm32.10.3-2021.10.win32_1.0.200.202301161003/tools/bin/../lib/gcc/arm-none-eabi/10.3.1/../../../../arm-none-eabi/lib/thumb/v7e-m+fp/hard\libc_nano.a(lib_a-rand.o)
                0x0000000008003164                rand
 .text.__assert_func
                0x00000000080031e0       0x3c c:/st/stm32cubeide_1.11.2/stm32cubeide/plugins/com.st.stm32cube.ide.mcu.externaltools.gnu-tools-for-stm32.10.3-2021.10.win32_1.0.200.202301161003/tools/bin/../lib/gcc/arm-none-eabi/10.3.1/../../../../arm-none-eabi/lib/thumb/v7e-m+fp/hard\libc_nano.a(lib_a-assert.o)
                0x00000000080031e0                __assert_func
 .text.fprintf  0x000000000800321c       0x24 c:/st/stm32cubeide_1.11.2/stm32cubeide/plugins/com.st.stm32cube.ide.mcu.externaltools.gnu-tools-for-stm32.10.3-2021.10.win32_1.0.200.202301161003/tools/bin/../lib/gcc/arm-none-eabi/10.3.1/../../../../arm-none-eabi/lib/thumb/v7e-m+fp/hard\libc_nano.a(lib_a-fprintf.o)
                0x000000000800321c                fiprintf
                0x000000000800321c                fprintf
 .text.malloc   0x0000000008003240       0x10 c:/st/stm32cubeide_1.11.2/stm32cubeide/plugins/com.st.stm32cube.ide.mcu.externaltools.gnu-tools-for-stm32.10.3-2021.10.win32_1.0.200.202301161003/tools/bin/../lib/gcc/arm-none-eabi/10.3.1/../../../../arm-none-eabi/lib/thumb/v7e-m+fp/hard\libc_nano.a(lib_a-malloc.o)
                0x0000000008003240                malloc
 .text._free_r  0x0000000008003250       0x98 c:/st/stm32cubeide_1.11.2/stm32cubeide/plugins/com.st.stm32cube.ide.mcu.externaltools.gnu-tools-for-stm32.10.3-2021.10.win32_1.0.200.202301161003/tools/bin/../lib/gcc/arm-none-eabi/10.3.1/../../../../arm-none-eabi/lib/thumb/v7e-m+fp/hard\libc_nano.a(lib_a-nano-freer.o)
                0x0000000008003250                _free_r
 .text.sbrk_aligned
                0x00000000080032e8       0x40 c:/st/stm32cubeide_1.11.2/stm32cubeide/plugins/com.st.stm32cube.ide.mcu.externaltools.gnu-tools-for-stm32.10.3-2021.10.win32_1.0.200.202301161003/tools/bin/../lib/gcc/arm-none-eabi/10.3.1/../../../../arm-none-eabi/lib/thumb/v7e-m+fp/hard\libc_nano.a(lib_a-nano-mallocr.o)
 .text._malloc_r
                0x0000000008003328       0xe8 c:/st/stm32cubeide_1.11.2/stm32cubeide/plugins/com.st.stm32cube.ide.mcu.externaltools.gnu-tools-for-stm32.10.3-2021.10.win32_1.0.200.202301161003/tools/bin/../lib/gcc/arm-none-eabi/10.3.1/../../../../arm-none-eabi/lib/thumb/v7e-m+fp/hard\libc_nano.a(lib_a-nano-mallocr.o)
                0x0000000008003328                _malloc_r
 .text.__sfputc_r
                0x0000000008003410       0x2e c:/st/stm32cubeide_1.11.2/stm32cubeide/plugins/com.st.stm32cube.ide.mcu.externaltools.gnu-tools-for-stm32.10.3-2021.10.win32_1.0.200.202301161003/tools/bin/../lib/gcc/arm-none-eabi/10.3.1/../../../../arm-none-eabi/lib/thumb/v7e-m+fp/hard\libc_nano.a(lib_a-nano-vfprintf.o)
 .text.__sfputs_r
                0x000000000800343e       0x24 c:/st/stm32cubeide_1.11.2/stm32cubeide/plugins/com.st.stm32cube.ide.mcu.externaltools.gnu-tools-for-stm32.10.3-2021.10.win32_1.0.200.202301161003/tools/bin/../lib/gcc/arm-none-eabi/10.3.1/../../../../arm-none-eabi/lib/thumb/v7e-m+fp/hard\libc_nano.a(lib_a-nano-vfprintf.o)
                0x000000000800343e                __sfputs_r
 *fill*         0x0000000008003462        0x2 
 .text._vfprintf_r
                0x0000000008003464      0x260 c:/st/stm32cubeide_1.11.2/stm32cubeide/plugins/com.st.stm32cube.ide.mcu.externaltools.gnu-tools-for-stm32.10.3-2021.10.win32_1.0.200.202301161003/tools/bin/../lib/gcc/arm-none-eabi/10.3.1/../../../../arm-none-eabi/lib/thumb/v7e-m+fp/hard\libc_nano.a(lib_a-nano-vfprintf.o)
                0x0000000008003464                _vfprintf_r
                0x0000000008003464                _vfiprintf_r
 .text._printf_common
                0x00000000080036c4       0xda c:/st/stm32cubeide_1.11.2/stm32cubeide/plugins/com.st.stm32cube.ide.mcu.externaltools.gnu-tools-for-stm32.10.3-2021.10.win32_1.0.200.202301161003/tools/bin/../lib/gcc/arm-none-eabi/10.3.1/../../../../arm-none-eabi/lib/thumb/v7e-m+fp/hard\libc_nano.a(lib_a-nano-vfprintf_i.o)
                0x00000000080036c4                _printf_common
 *fill*         0x000000000800379e        0x2 
 .text._printf_i
                0x00000000080037a0      0x24c c:/st/stm32cubeide_1.11.2/stm32cubeide/plugins/com.st.stm32cube.ide.mcu.externaltools.gnu-tools-for-stm32.10.3-2021.10.win32_1.0.200.202301161003/tools/bin/../lib/gcc/arm-none-eabi/10.3.1/../../../../arm-none-eabi/lib/thumb/v7e-m+fp/hard\libc_nano.a(lib_a-nano-vfprintf_i.o)
                0x00000000080037a0                _printf_i
 .text._sbrk_r  0x00000000080039ec       0x20 c:/st/stm32cubeide_1.11.2/stm32cubeide/plugins/com.st.stm32cube.ide.mcu.externaltools.gnu-tools-for-stm32.10.3-2021.10.win32_1.0.200.202301161003/tools/bin/../lib/gcc/arm-none-eabi/10.3.1/../../../../arm-none-eabi/lib/thumb/v7e-m+fp/hard\libc_nano.a(lib_a-sbrkr.o)
                0x00000000080039ec                _sbrk_r
 .text.__swbuf_r
                0x0000000008003a0c       0xa4 c:/st/stm32cubeide_1.11.2/stm32cubeide/plugins/com.st.stm32cube.ide.mcu.externaltools.gnu-tools-for-stm32.10.3-2021.10.win32_1.0.200.202301161003/tools/bin/../lib/gcc/arm-none-eabi/10.3.1/../../../../arm-none-eabi/lib/thumb/v7e-m+fp/hard\libc_nano.a(lib_a-wbuf.o)
                0x0000000008003a0c                __swbuf_r
 .text.__swsetup_r
                0x0000000008003ab0       0xdc c:/st/stm32cubeide_1.11.2/stm32cubeide/plugins/com.st.stm32cube.ide.mcu.externaltools.gnu-tools-for-stm32.10.3-2021.10.win32_1.0.200.202301161003/tools/bin/../lib/gcc/arm-none-eabi/10.3.1/../../../../arm-none-eabi/lib/thumb/v7e-m+fp/hard\libc_nano.a(lib_a-wsetup.o)
                0x0000000008003ab0                __swsetup_r
 .text.abort    0x0000000008003b8c        0xe c:/st/stm32cubeide_1.11.2/stm32cubeide/plugins/com.st.stm32cube.ide.mcu.externaltools.gnu-tools-for-stm32.10.3-2021.10.win32_1.0.200.202301161003/tools/bin/../lib/gcc/arm-none-eabi/10.3.1/../../../../arm-none-eabi/lib/thumb/v7e-m+fp/hard\libc_nano.a(lib_a-abort.o)
                0x0000000008003b8c                abort
 *fill*         0x0000000008003b9a        0x2 
 .text.__sflush_r
                0x0000000008003b9c      0x10c c:/st/stm32cubeide_1.11.2/stm32cubeide/plugins/com.st.stm32cube.ide.mcu.externaltools.gnu-tools-for-stm32.10.3-2021.10.win32_1.0.200.202301161003/tools/bin/../lib/gcc/arm-none-eabi/10.3.1/../../../../arm-none-eabi/lib/thumb/v7e-m+fp/hard\libc_nano.a(lib_a-fflush.o)
                0x0000000008003b9c                __sflush_r
 .text._fflush_r
                0x0000000008003ca8       0x78 c:/st/stm32cubeide_1.11.2/stm32cubeide/plugins/com.st.stm32cube.ide.mcu.externaltools.gnu-tools-for-stm32.10.3-2021.10.win32_1.0.200.202301161003/tools/bin/../lib/gcc/arm-none-eabi/10.3.1/../../../../arm-none-eabi/lib/thumb/v7e-m+fp/hard\libc_nano.a(lib_a-fflush.o)
                0x0000000008003ca8                _fflush_r
 .text.std      0x0000000008003d20       0x48 c:/st/stm32cubeide_1.11.2/stm32cubeide/plugins/com.st.stm32cube.ide.mcu.externaltools.gnu-tools-for-stm32.10.3-2021.10.win32_1.0.200.202301161003/tools/bin/../lib/gcc/arm-none-eabi/10.3.1/../../../../arm-none-eabi/lib/thumb/v7e-m+fp/hard\libc_nano.a(lib_a-findfp.o)
 .text._cleanup_r
                0x0000000008003d68        0xc c:/st/stm32cubeide_1.11.2/stm32cubeide/plugins/com.st.stm32cube.ide.mcu.externaltools.gnu-tools-for-stm32.10.3-2021.10.win32_1.0.200.202301161003/tools/bin/../lib/gcc/arm-none-eabi/10.3.1/../../../../arm-none-eabi/lib/thumb/v7e-m+fp/hard\libc_nano.a(lib_a-findfp.o)
                0x0000000008003d68                _cleanup_r
 .text.__sfmoreglue
                0x0000000008003d74       0x2c c:/st/stm32cubeide_1.11.2/stm32cubeide/plugins/com.st.stm32cube.ide.mcu.externaltools.gnu-tools-for-stm32.10.3-2021.10.win32_1.0.200.202301161003/tools/bin/../lib/gcc/arm-none-eabi/10.3.1/../../../../arm-none-eabi/lib/thumb/v7e-m+fp/hard\libc_nano.a(lib_a-findfp.o)
                0x0000000008003d74                __sfmoreglue
 .text.__sfp_lock_acquire
                0x0000000008003da0        0xc c:/st/stm32cubeide_1.11.2/stm32cubeide/plugins/com.st.stm32cube.ide.mcu.externaltools.gnu-tools-for-stm32.10.3-2021.10.win32_1.0.200.202301161003/tools/bin/../lib/gcc/arm-none-eabi/10.3.1/../../../../arm-none-eabi/lib/thumb/v7e-m+fp/hard\libc_nano.a(lib_a-findfp.o)
                0x0000000008003da0                __sfp_lock_acquire
 .text.__sfp_lock_release
                0x0000000008003dac        0xc c:/st/stm32cubeide_1.11.2/stm32cubeide/plugins/com.st.stm32cube.ide.mcu.externaltools.gnu-tools-for-stm32.10.3-2021.10.win32_1.0.200.202301161003/tools/bin/../lib/gcc/arm-none-eabi/10.3.1/../../../../arm-none-eabi/lib/thumb/v7e-m+fp/hard\libc_nano.a(lib_a-findfp.o)
                0x0000000008003dac                __sfp_lock_release
 .text.__sinit_lock_acquire
                0x0000000008003db8        0xc c:/st/stm32cubeide_1.11.2/stm32cubeide/plugins/com.st.stm32cube.ide.mcu.externaltools.gnu-tools-for-stm32.10.3-2021.10.win32_1.0.200.202301161003/tools/bin/../lib/gcc/arm-none-eabi/10.3.1/../../../../arm-none-eabi/lib/thumb/v7e-m+fp/hard\libc_nano.a(lib_a-findfp.o)
                0x0000000008003db8                __sinit_lock_acquire
 .text.__sinit_lock_release
                0x0000000008003dc4        0xc c:/st/stm32cubeide_1.11.2/stm32cubeide/plugins/com.st.stm32cube.ide.mcu.externaltools.gnu-tools-for-stm32.10.3-2021.10.win32_1.0.200.202301161003/tools/bin/../lib/gcc/arm-none-eabi/10.3.1/../../../../arm-none-eabi/lib/thumb/v7e-m+fp/hard\libc_nano.a(lib_a-findfp.o)
                0x0000000008003dc4                __sinit_lock_release
 .text.__sinit  0x0000000008003dd0       0x70 c:/st/stm32cubeide_1.11.2/stm32cubeide/plugins/com.st.stm32cube.ide.mcu.externaltools.gnu-tools-for-stm32.10.3-2021.10.win32_1.0.200.202301161003/tools/bin/../lib/gcc/arm-none-eabi/10.3.1/../../../../arm-none-eabi/lib/thumb/v7e-m+fp/hard\libc_nano.a(lib_a-findfp.o)
                0x0000000008003dd0                __sinit
 .text.__sfp    0x0000000008003e40       0x8c c:/st/stm32cubeide_1.11.2/stm32cubeide/plugins/com.st.stm32cube.ide.mcu.externaltools.gnu-tools-for-stm32.10.3-2021.10.win32_1.0.200.202301161003/tools/bin/../lib/gcc/arm-none-eabi/10.3.1/../../../../arm-none-eabi/lib/thumb/v7e-m+fp/hard\libc_nano.a(lib_a-findfp.o)
                0x0000000008003e40                __sfp
 .text._fwalk_reent
                0x0000000008003ecc       0x3e c:/st/stm32cubeide_1.11.2/stm32cubeide/plugins/com.st.stm32cube.ide.mcu.externaltools.gnu-tools-for-stm32.10.3-2021.10.win32_1.0.200.202301161003/tools/bin/../lib/gcc/arm-none-eabi/10.3.1/../../../../arm-none-eabi/lib/thumb/v7e-m+fp/hard\libc_nano.a(lib_a-fwalk.o)
                0x0000000008003ecc                _fwalk_reent
 .text.__retarget_lock_init_recursive
                0x0000000008003f0a        0x2 c:/st/stm32cubeide_1.11.2/stm32cubeide/plugins/com.st.stm32cube.ide.mcu.externaltools.gnu-tools-for-stm32.10.3-2021.10.win32_1.0.200.202301161003/tools/bin/../lib/gcc/arm-none-eabi/10.3.1/../../../../arm-none-eabi/lib/thumb/v7e-m+fp/hard\libc_nano.a(lib_a-lock.o)
                0x0000000008003f0a                __retarget_lock_init_recursive
 .text.__retarget_lock_acquire_recursive
                0x0000000008003f0c        0x2 c:/st/stm32cubeide_1.11.2/stm32cubeide/plugins/com.st.stm32cube.ide.mcu.externaltools.gnu-tools-for-stm32.10.3-2021.10.win32_1.0.200.202301161003/tools/bin/../lib/gcc/arm-none-eabi/10.3.1/../../../../arm-none-eabi/lib/thumb/v7e-m+fp/hard\libc_nano.a(lib_a-lock.o)
                0x0000000008003f0c                __retarget_lock_acquire_recursive
 .text.__retarget_lock_release_recursive
                0x0000000008003f0e        0x2 c:/st/stm32cubeide_1.11.2/stm32cubeide/plugins/com.st.stm32cube.ide.mcu.externaltools.gnu-tools-for-stm32.10.3-2021.10.win32_1.0.200.202301161003/tools/bin/../lib/gcc/arm-none-eabi/10.3.1/../../../../arm-none-eabi/lib/thumb/v7e-m+fp/hard\libc_nano.a(lib_a-lock.o)
                0x0000000008003f0e                __retarget_lock_release_recursive
 .text.__swhatbuf_r
                0x0000000008003f10       0x4a c:/st/stm32cubeide_1.11.2/stm32cubeide/plugins/com.st.stm32cube.ide.mcu.externaltools.gnu-tools-for-stm32.10.3-2021.10.win32_1.0.200.202301161003/tools/bin/../lib/gcc/arm-none-eabi/10.3.1/../../../../arm-none-eabi/lib/thumb/v7e-m+fp/hard\libc_nano.a(lib_a-makebuf.o)
                0x0000000008003f10                __swhatbuf_r
 *fill*         0x0000000008003f5a        0x2 
 .text.__smakebuf_r
                0x0000000008003f5c       0x80 c:/st/stm32cubeide_1.11.2/stm32cubeide/plugins/com.st.stm32cube.ide.mcu.externaltools.gnu-tools-for-stm32.10.3-2021.10.win32_1.0.200.202301161003/tools/bin/../lib/gcc/arm-none-eabi/10.3.1/../../../../arm-none-eabi/lib/thumb/v7e-m+fp/hard\libc_nano.a(lib_a-makebuf.o)
                0x0000000008003f5c                __smakebuf_r
 .text.__malloc_lock
                0x0000000008003fdc        0xc c:/st/stm32cubeide_1.11.2/stm32cubeide/plugins/com.st.stm32cube.ide.mcu.externaltools.gnu-tools-for-stm32.10.3-2021.10.win32_1.0.200.202301161003/tools/bin/../lib/gcc/arm-none-eabi/10.3.1/../../../../arm-none-eabi/lib/thumb/v7e-m+fp/hard\libc_nano.a(lib_a-mlock.o)
                0x0000000008003fdc                __malloc_lock
 .text.__malloc_unlock
                0x0000000008003fe8        0xc c:/st/stm32cubeide_1.11.2/stm32cubeide/plugins/com.st.stm32cube.ide.mcu.externaltools.gnu-tools-for-stm32.10.3-2021.10.win32_1.0.200.202301161003/tools/bin/../lib/gcc/arm-none-eabi/10.3.1/../../../../arm-none-eabi/lib/thumb/v7e-m+fp/hard\libc_nano.a(lib_a-mlock.o)
                0x0000000008003fe8                __malloc_unlock
 .text._raise_r
                0x0000000008003ff4       0x50 c:/st/stm32cubeide_1.11.2/stm32cubeide/plugins/com.st.stm32cube.ide.mcu.externaltools.gnu-tools-for-stm32.10.3-2021.10.win32_1.0.200.202301161003/tools/bin/../lib/gcc/arm-none-eabi/10.3.1/../../../../arm-none-eabi/lib/thumb/v7e-m+fp/hard\libc_nano.a(lib_a-signal.o)
                0x0000000008003ff4                _raise_r
 .text.raise    0x0000000008004044       0x10 c:/st/stm32cubeide_1.11.2/stm32cubeide/plugins/com.st.stm32cube.ide.mcu.externaltools.gnu-tools-for-stm32.10.3-2021.10.win32_1.0.200.202301161003/tools/bin/../lib/gcc/arm-none-eabi/10.3.1/../../../../arm-none-eabi/lib/thumb/v7e-m+fp/hard\libc_nano.a(lib_a-signal.o)
                0x0000000008004044                raise
 .text._kill_r  0x0000000008004054       0x24 c:/st/stm32cubeide_1.11.2/stm32cubeide/plugins/com.st.stm32cube.ide.mcu.externaltools.gnu-tools-for-stm32.10.3-2021.10.win32_1.0.200.202301161003/tools/bin/../lib/gcc/arm-none-eabi/10.3.1/../../../../arm-none-eabi/lib/thumb/v7e-m+fp/hard\libc_nano.a(lib_a-signalr.o)
                0x0000000008004054                _kill_r
 .text._getpid_r
                0x0000000008004078        0x4 c:/st/stm32cubeide_1.11.2/stm32cubeide/plugins/com.st.stm32cube.ide.mcu.externaltools.gnu-tools-for-stm32.10.3-2021.10.win32_1.0.200.202301161003/tools/bin/../lib/gcc/arm-none-eabi/10.3.1/../../../../arm-none-eabi/lib/thumb/v7e-m+fp/hard\libc_nano.a(lib_a-signalr.o)
                0x0000000008004078                _getpid_r
 .text.__sread  0x000000000800407c       0x22 c:/st/stm32cubeide_1.11.2/stm32cubeide/plugins/com.st.stm32cube.ide.mcu.externaltools.gnu-tools-for-stm32.10.3-2021.10.win32_1.0.200.202301161003/tools/bin/../lib/gcc/arm-none-eabi/10.3.1/../../../../arm-none-eabi/lib/thumb/v7e-m+fp/hard\libc_nano.a(lib_a-stdio.o)
                0x000000000800407c                __sread
 .text.__swrite
                0x000000000800409e       0x38 c:/st/stm32cubeide_1.11.2/stm32cubeide/plugins/com.st.stm32cube.ide.mcu.externaltools.gnu-tools-for-stm32.10.3-2021.10.win32_1.0.200.202301161003/tools/bin/../lib/gcc/arm-none-eabi/10.3.1/../../../../arm-none-eabi/lib/thumb/v7e-m+fp/hard\libc_nano.a(lib_a-stdio.o)
                0x000000000800409e                __swrite
 .text.__sseek  0x00000000080040d6       0x24 c:/st/stm32cubeide_1.11.2/stm32cubeide/plugins/com.st.stm32cube.ide.mcu.externaltools.gnu-tools-for-stm32.10.3-2021.10.win32_1.0.200.202301161003/tools/bin/../lib/gcc/arm-none-eabi/10.3.1/../../../../arm-none-eabi/lib/thumb/v7e-m+fp/hard\libc_nano.a(lib_a-stdio.o)
                0x00000000080040d6                __sseek
 .text.__sclose
                0x00000000080040fa        0x8 c:/st/stm32cubeide_1.11.2/stm32cubeide/plugins/com.st.stm32cube.ide.mcu.externaltools.gnu-tools-for-stm32.10.3-2021.10.win32_1.0.200.202301161003/tools/bin/../lib/gcc/arm-none-eabi/10.3.1/../../../../arm-none-eabi/lib/thumb/v7e-m+fp/hard\libc_nano.a(lib_a-stdio.o)
                0x00000000080040fa                __sclose
 *fill*         0x0000000008004102        0x2 
 .text._write_r
                0x0000000008004104       0x24 c:/st/stm32cubeide_1.11.2/stm32cubeide/plugins/com.st.stm32cube.ide.mcu.externaltools.gnu-tools-for-stm32.10.3-2021.10.win32_1.0.200.202301161003/tools/bin/../lib/gcc/arm-none-eabi/10.3.1/../../../../arm-none-eabi/lib/thumb/v7e-m+fp/hard\libc_nano.a(lib_a-writer.o)
                0x0000000008004104                _write_r
 .text._close_r
                0x0000000008004128       0x20 c:/st/stm32cubeide_1.11.2/stm32cubeide/plugins/com.st.stm32cube.ide.mcu.externaltools.gnu-tools-for-stm32.10.3-2021.10.win32_1.0.200.202301161003/tools/bin/../lib/gcc/arm-none-eabi/10.3.1/../../../../arm-none-eabi/lib/thumb/v7e-m+fp/hard\libc_nano.a(lib_a-closer.o)
                0x0000000008004128                _close_r
 .text._fstat_r
                0x0000000008004148       0x24 c:/st/stm32cubeide_1.11.2/stm32cubeide/plugins/com.st.stm32cube.ide.mcu.externaltools.gnu-tools-for-stm32.10.3-2021.10.win32_1.0.200.202301161003/tools/bin/../lib/gcc/arm-none-eabi/10.3.1/../../../../arm-none-eabi/lib/thumb/v7e-m+fp/hard\libc_nano.a(lib_a-fstatr.o)
                0x0000000008004148                _fstat_r
 .text._isatty_r
                0x000000000800416c       0x20 c:/st/stm32cubeide_1.11.2/stm32cubeide/plugins/com.st.stm32cube.ide.mcu.externaltools.gnu-tools-for-stm32.10.3-2021.10.win32_1.0.200.202301161003/tools/bin/../lib/gcc/arm-none-eabi/10.3.1/../../../../arm-none-eabi/lib/thumb/v7e-m+fp/hard\libc_nano.a(lib_a-isattyr.o)
                0x000000000800416c                _isatty_r
 .text._lseek_r
                0x000000000800418c       0x24 c:/st/stm32cubeide_1.11.2/stm32cubeide/plugins/com.st.stm32cube.ide.mcu.externaltools.gnu-tools-for-stm32.10.3-2021.10.win32_1.0.200.202301161003/tools/bin/../lib/gcc/arm-none-eabi/10.3.1/../../../../arm-none-eabi/lib/thumb/v7e-m+fp/hard\libc_nano.a(lib_a-lseekr.o)
                0x000000000800418c                _lseek_r
 .text._read_r  0x00000000080041b0       0x24 c:/st/stm32cubeide_1.11.2/stm32cubeide/plugins/com.st.stm32cube.ide.mcu.externaltools.gnu-tools-for-stm32.10.3-2021.10.win32_1.0.200.202301161003/tools/bin/../lib/gcc/arm-none-eabi/10.3.1/../../../../arm-none-eabi/lib/thumb/v7e-m+fp/hard\libc_nano.a(lib_a-readr.o)
                0x00000000080041b0                _read_r
 *(.glue_7)
 .glue_7        0x00000000080041d4        0x0 linker stubs
 *(.glue_7t)
 .glue_7t       0x00000000080041d4        0x0 linker stubs
 *(.eh_frame)
 .eh_frame      0x00000000080041d4        0x0 c:/st/stm32cubeide_1.11.2/stm32cubeide/plugins/com.st.stm32cube.ide.mcu.externaltools.gnu-tools-for-stm32.10.3-2021.10.win32_1.0.200.202301161003/tools/bin/../lib/gcc/arm-none-eabi/10.3.1/thumb/v7e-m+fp/hard/crtbegin.o
 *(.init)
 .init          0x00000000080041d4        0x4 c:/st/stm32cubeide_1.11.2/stm32cubeide/plugins/com.st.stm32cube.ide.mcu.externaltools.gnu-tools-for-stm32.10.3-2021.10.win32_1.0.200.202301161003/tools/bin/../lib/gcc/arm-none-eabi/10.3.1/thumb/v7e-m+fp/hard/crti.o
                0x00000000080041d4                _init
 .init          0x00000000080041d8        0x8 c:/st/stm32cubeide_1.11.2/stm32cubeide/plugins/com.st.stm32cube.ide.mcu.externaltools.gnu-tools-for-stm32.10.3-2021.10.win32_1.0.200.202301161003/tools/bin/../lib/gcc/arm-none-eabi/10.3.1/thumb/v7e-m+fp/hard/crtn.o
 *(.fini)
 .fini          0x00000000080041e0        0x4 c:/st/stm32cubeide_1.11.2/stm32cubeide/plugins/com.st.stm32cube.ide.mcu.externaltools.gnu-tools-for-stm32.10.3-2021.10.win32_1.0.200.202301161003/tools/bin/../lib/gcc/arm-none-eabi/10.3.1/thumb/v7e-m+fp/hard/crti.o
                0x00000000080041e0                _fini
 .fini          0x00000000080041e4        0x8 c:/st/stm32cubeide_1.11.2/stm32cubeide/plugins/com.st.stm32cube.ide.mcu.externaltools.gnu-tools-for-stm32.10.3-2021.10.win32_1.0.200.202301161003/tools/bin/../lib/gcc/arm-none-eabi/10.3.1/thumb/v7e-m+fp/hard/crtn.o
                0x00000000080041ec                . = ALIGN (0x4)
                0x00000000080041ec                _etext = .

.vfp11_veneer   0x00000000080041ec        0x0
 .vfp11_veneer  0x00000000080041ec        0x0 linker stubs

.v4_bx          0x00000000080041ec        0x0
 .v4_bx         0x00000000080041ec        0x0 linker stubs

.iplt           0x00000000080041ec        0x0
 .iplt          0x00000000080041ec        0x0 c:/st/stm32cubeide_1.11.2/stm32cubeide/plugins/com.st.stm32cube.ide.mcu.externaltools.gnu-tools-for-stm32.10.3-2021.10.win32_1.0.200.202301161003/tools/bin/../lib/gcc/arm-none-eabi/10.3.1/thumb/v7e-m+fp/hard/crtbegin.o

.rodata         0x00000000080041ec      0x218
                0x00000000080041ec                . = ALIGN (0x4)
 *(.rodata)
 *(.rodata*)
 .rodata.AHBPrescTable
                0x00000000080041ec       0x40 ./Core/Src/system_stm32wbxx.o
                0x00000000080041ec                AHBPrescTable
 .rodata.APBPrescTable
                0x000000000800422c       0x20 ./Core/Src/system_stm32wbxx.o
                0x000000000800422c                APBPrescTable
 .rodata.MSIRangeTable
                0x000000000800424c       0x40 ./Core/Src/system_stm32wbxx.o
                0x000000000800424c                MSIRangeTable
 .rodata.USART_PRESCALER_TAB
                0x000000000800428c       0x30 ./Drivers/STM32WBxx_HAL_Driver/Src/stm32wbxx_ll_usart.o
 .rodata._global_impure_ptr
                0x00000000080042bc        0x4 c:/st/stm32cubeide_1.11.2/stm32cubeide/plugins/com.st.stm32cube.ide.mcu.externaltools.gnu-tools-for-stm32.10.3-2021.10.win32_1.0.200.202301161003/tools/bin/../lib/gcc/arm-none-eabi/10.3.1/../../../../arm-none-eabi/lib/thumb/v7e-m+fp/hard\libc_nano.a(lib_a-impure.o)
                0x00000000080042bc                _global_impure_ptr
 .rodata.srand.str1.1
                0x00000000080042c0       0x72 c:/st/stm32cubeide_1.11.2/stm32cubeide/plugins/com.st.stm32cube.ide.mcu.externaltools.gnu-tools-for-stm32.10.3-2021.10.win32_1.0.200.202301161003/tools/bin/../lib/gcc/arm-none-eabi/10.3.1/../../../../arm-none-eabi/lib/thumb/v7e-m+fp/hard\libc_nano.a(lib_a-rand.o)
 .rodata.__assert_func.str1.1
                0x0000000008004332       0x3c c:/st/stm32cubeide_1.11.2/stm32cubeide/plugins/com.st.stm32cube.ide.mcu.externaltools.gnu-tools-for-stm32.10.3-2021.10.win32_1.0.200.202301161003/tools/bin/../lib/gcc/arm-none-eabi/10.3.1/../../../../arm-none-eabi/lib/thumb/v7e-m+fp/hard\libc_nano.a(lib_a-assert.o)
                                         0x3d (size before relaxing)
 .rodata._vfprintf_r.str1.1
                0x000000000800436e       0x11 c:/st/stm32cubeide_1.11.2/stm32cubeide/plugins/com.st.stm32cube.ide.mcu.externaltools.gnu-tools-for-stm32.10.3-2021.10.win32_1.0.200.202301161003/tools/bin/../lib/gcc/arm-none-eabi/10.3.1/../../../../arm-none-eabi/lib/thumb/v7e-m+fp/hard\libc_nano.a(lib_a-nano-vfprintf.o)
 .rodata._printf_i.str1.1
                0x000000000800437f       0x22 c:/st/stm32cubeide_1.11.2/stm32cubeide/plugins/com.st.stm32cube.ide.mcu.externaltools.gnu-tools-for-stm32.10.3-2021.10.win32_1.0.200.202301161003/tools/bin/../lib/gcc/arm-none-eabi/10.3.1/../../../../arm-none-eabi/lib/thumb/v7e-m+fp/hard\libc_nano.a(lib_a-nano-vfprintf_i.o)
 *fill*         0x00000000080043a1        0x3 
 .rodata.__sf_fake_stderr
                0x00000000080043a4       0x20 c:/st/stm32cubeide_1.11.2/stm32cubeide/plugins/com.st.stm32cube.ide.mcu.externaltools.gnu-tools-for-stm32.10.3-2021.10.win32_1.0.200.202301161003/tools/bin/../lib/gcc/arm-none-eabi/10.3.1/../../../../arm-none-eabi/lib/thumb/v7e-m+fp/hard\libc_nano.a(lib_a-findfp.o)
                0x00000000080043a4                __sf_fake_stderr
 .rodata.__sf_fake_stdin
                0x00000000080043c4       0x20 c:/st/stm32cubeide_1.11.2/stm32cubeide/plugins/com.st.stm32cube.ide.mcu.externaltools.gnu-tools-for-stm32.10.3-2021.10.win32_1.0.200.202301161003/tools/bin/../lib/gcc/arm-none-eabi/10.3.1/../../../../arm-none-eabi/lib/thumb/v7e-m+fp/hard\libc_nano.a(lib_a-findfp.o)
                0x00000000080043c4                __sf_fake_stdin
 .rodata.__sf_fake_stdout
                0x00000000080043e4       0x20 c:/st/stm32cubeide_1.11.2/stm32cubeide/plugins/com.st.stm32cube.ide.mcu.externaltools.gnu-tools-for-stm32.10.3-2021.10.win32_1.0.200.202301161003/tools/bin/../lib/gcc/arm-none-eabi/10.3.1/../../../../arm-none-eabi/lib/thumb/v7e-m+fp/hard\libc_nano.a(lib_a-findfp.o)
                0x00000000080043e4                __sf_fake_stdout
                0x0000000008004404                . = ALIGN (0x4)

.rel.dyn        0x0000000008004404        0x0
 .rel.iplt      0x0000000008004404        0x0 c:/st/stm32cubeide_1.11.2/stm32cubeide/plugins/com.st.stm32cube.ide.mcu.externaltools.gnu-tools-for-stm32.10.3-2021.10.win32_1.0.200.202301161003/tools/bin/../lib/gcc/arm-none-eabi/10.3.1/thumb/v7e-m+fp/hard/crtbegin.o

.ARM.extab
 *(.ARM.extab* .gnu.linkonce.armextab.*)

.ARM            0x0000000008004404        0x0
                0x0000000008004404                __exidx_start = .
 *(.ARM.exidx*)
                0x0000000008004404                __exidx_end = .

.preinit_array  0x0000000008004404        0x0
                0x0000000008004404                PROVIDE (__preinit_array_start = .)
 *(.preinit_array*)
                0x0000000008004404                PROVIDE (__preinit_array_end = .)

.init_array     0x0000000008004404        0x4
                0x0000000008004404                PROVIDE (__init_array_start = .)
 *(SORT_BY_NAME(.init_array.*))
 *(.init_array*)
 .init_array    0x0000000008004404        0x4 c:/st/stm32cubeide_1.11.2/stm32cubeide/plugins/com.st.stm32cube.ide.mcu.externaltools.gnu-tools-for-stm32.10.3-2021.10.win32_1.0.200.202301161003/tools/bin/../lib/gcc/arm-none-eabi/10.3.1/thumb/v7e-m+fp/hard/crtbegin.o
                0x0000000008004408                PROVIDE (__init_array_end = .)

.fini_array     0x0000000008004408        0x4
                [!provide]                        PROVIDE (__fini_array_start = .)
 *(SORT_BY_NAME(.fini_array.*))
 *(.fini_array*)
 .fini_array    0x0000000008004408        0x4 c:/st/stm32cubeide_1.11.2/stm32cubeide/plugins/com.st.stm32cube.ide.mcu.externaltools.gnu-tools-for-stm32.10.3-2021.10.win32_1.0.200.202301161003/tools/bin/../lib/gcc/arm-none-eabi/10.3.1/thumb/v7e-m+fp/hard/crtbegin.o
                [!provide]                        PROVIDE (__fini_array_end = .)
                0x000000000800440c                _sidata = LOADADDR (.data)

.data           0x0000000020000008       0x6c load address 0x000000000800440c
                0x0000000020000008                . = ALIGN (0x4)
                0x0000000020000008                _sdata = .
 *(.data)
 *(.data*)
 .data.step     0x0000000020000008        0x2 ./Core/Src/main.o
                0x0000000020000008                step
 *fill*         0x000000002000000a        0x2 
 .data.SystemCoreClock
                0x000000002000000c        0x4 ./Core/Src/system_stm32wbxx.o
                0x000000002000000c                SystemCoreClock
 .data._impure_ptr
                0x0000000020000010        0x4 c:/st/stm32cubeide_1.11.2/stm32cubeide/plugins/com.st.stm32cube.ide.mcu.externaltools.gnu-tools-for-stm32.10.3-2021.10.win32_1.0.200.202301161003/tools/bin/../lib/gcc/arm-none-eabi/10.3.1/../../../../arm-none-eabi/lib/thumb/v7e-m+fp/hard\libc_nano.a(lib_a-impure.o)
                0x0000000020000010                _impure_ptr
 .data.impure_data
                0x0000000020000014       0x60 c:/st/stm32cubeide_1.11.2/stm32cubeide/plugins/com.st.stm32cube.ide.mcu.externaltools.gnu-tools-for-stm32.10.3-2021.10.win32_1.0.200.202301161003/tools/bin/../lib/gcc/arm-none-eabi/10.3.1/../../../../arm-none-eabi/lib/thumb/v7e-m+fp/hard\libc_nano.a(lib_a-impure.o)
 *(.RamFunc)
 *(.RamFunc*)
                0x0000000020000074                . = ALIGN (0x4)
                0x0000000020000074                _edata = .

.igot.plt       0x0000000020000074        0x0 load address 0x0000000008004478
 .igot.plt      0x0000000020000074        0x0 c:/st/stm32cubeide_1.11.2/stm32cubeide/plugins/com.st.stm32cube.ide.mcu.externaltools.gnu-tools-for-stm32.10.3-2021.10.win32_1.0.200.202301161003/tools/bin/../lib/gcc/arm-none-eabi/10.3.1/thumb/v7e-m+fp/hard/crtbegin.o
                0x0000000020000074                . = ALIGN (0x4)

.bss            0x0000000020000074      0x410 load address 0x0000000008004478
                0x0000000020000074                _sbss = .
                0x0000000020000074                __bss_start__ = _sbss
 *(.bss)
 .bss           0x0000000020000074       0x1c c:/st/stm32cubeide_1.11.2/stm32cubeide/plugins/com.st.stm32cube.ide.mcu.externaltools.gnu-tools-for-stm32.10.3-2021.10.win32_1.0.200.202301161003/tools/bin/../lib/gcc/arm-none-eabi/10.3.1/thumb/v7e-m+fp/hard/crtbegin.o
 *(.bss*)
 .bss.ms_Ticks  0x0000000020000090        0x4 ./Core/Src/main.o
                0x0000000020000090                ms_Ticks
 .bss.new_msTick
                0x0000000020000094        0x4 ./Core/Src/main.o
                0x0000000020000094                new_msTick
 .bss.time      0x0000000020000098        0x4 ./Core/Src/main.o
                0x0000000020000098                time
 .bss.new_tick.0
                0x000000002000009c        0x4 ./Core/Src/main.o
 .bss.__sbrk_heap_end
                0x00000000200000a0        0x4 ./Core/Src/sysmem.o
 .bss.current_led
                0x00000000200000a4        0x2 ./Core/Src/ws2812.o
                0x00000000200000a4                current_led
 *fill*         0x00000000200000a6        0x2 
 .bss.buffer    0x00000000200000a8       0x30 ./Core/Src/ws2812.o
                0x00000000200000a8                buffer
 .bss.ws2811_array
                0x00000000200000d8      0x387 ./Core/Src/ws2812.o
                0x00000000200000d8                ws2811_array
 *fill*         0x000000002000045f        0x1 
 .bss.speed.6   0x0000000020000460        0x4 ./Core/Src/ws2812.o
 .bss.direction.5
                0x0000000020000464        0x1 ./Core/Src/ws2812.o
 *fill*         0x0000000020000465        0x1 
 .bss.counter1.4
                0x0000000020000466        0x2 ./Core/Src/ws2812.o
 .bss.counter1.3
                0x0000000020000468        0x2 ./Core/Src/ws2812.o
 *fill*         0x000000002000046a        0x2 
 .bss.new_msTick2.2
                0x000000002000046c        0x4 ./Core/Src/ws2812.o
 .bss.step2.1   0x0000000020000470        0x2 ./Core/Src/ws2812.o
 .bss.counter1.0
                0x0000000020000472        0x2 ./Core/Src/ws2812.o
 .bss.__malloc_free_list
                0x0000000020000474        0x4 c:/st/stm32cubeide_1.11.2/stm32cubeide/plugins/com.st.stm32cube.ide.mcu.externaltools.gnu-tools-for-stm32.10.3-2021.10.win32_1.0.200.202301161003/tools/bin/../lib/gcc/arm-none-eabi/10.3.1/../../../../arm-none-eabi/lib/thumb/v7e-m+fp/hard\libc_nano.a(lib_a-nano-mallocr.o)
                0x0000000020000474                __malloc_free_list
 .bss.__malloc_sbrk_start
                0x0000000020000478        0x4 c:/st/stm32cubeide_1.11.2/stm32cubeide/plugins/com.st.stm32cube.ide.mcu.externaltools.gnu-tools-for-stm32.10.3-2021.10.win32_1.0.200.202301161003/tools/bin/../lib/gcc/arm-none-eabi/10.3.1/../../../../arm-none-eabi/lib/thumb/v7e-m+fp/hard\libc_nano.a(lib_a-nano-mallocr.o)
                0x0000000020000478                __malloc_sbrk_start
 .bss.__lock___malloc_recursive_mutex
                0x000000002000047c        0x1 c:/st/stm32cubeide_1.11.2/stm32cubeide/plugins/com.st.stm32cube.ide.mcu.externaltools.gnu-tools-for-stm32.10.3-2021.10.win32_1.0.200.202301161003/tools/bin/../lib/gcc/arm-none-eabi/10.3.1/../../../../arm-none-eabi/lib/thumb/v7e-m+fp/hard\libc_nano.a(lib_a-lock.o)
                0x000000002000047c                __lock___malloc_recursive_mutex
 .bss.__lock___sfp_recursive_mutex
                0x000000002000047d        0x1 c:/st/stm32cubeide_1.11.2/stm32cubeide/plugins/com.st.stm32cube.ide.mcu.externaltools.gnu-tools-for-stm32.10.3-2021.10.win32_1.0.200.202301161003/tools/bin/../lib/gcc/arm-none-eabi/10.3.1/../../../../arm-none-eabi/lib/thumb/v7e-m+fp/hard\libc_nano.a(lib_a-lock.o)
                0x000000002000047d                __lock___sfp_recursive_mutex
 .bss.__lock___sinit_recursive_mutex
                0x000000002000047e        0x1 c:/st/stm32cubeide_1.11.2/stm32cubeide/plugins/com.st.stm32cube.ide.mcu.externaltools.gnu-tools-for-stm32.10.3-2021.10.win32_1.0.200.202301161003/tools/bin/../lib/gcc/arm-none-eabi/10.3.1/../../../../arm-none-eabi/lib/thumb/v7e-m+fp/hard\libc_nano.a(lib_a-lock.o)
                0x000000002000047e                __lock___sinit_recursive_mutex
 *fill*         0x000000002000047f        0x1 
 .bss.errno     0x0000000020000480        0x4 c:/st/stm32cubeide_1.11.2/stm32cubeide/plugins/com.st.stm32cube.ide.mcu.externaltools.gnu-tools-for-stm32.10.3-2021.10.win32_1.0.200.202301161003/tools/bin/../lib/gcc/arm-none-eabi/10.3.1/../../../../arm-none-eabi/lib/thumb/v7e-m+fp/hard\libc_nano.a(lib_a-reent.o)
                0x0000000020000480                errno
 *(COMMON)
                0x0000000020000484                . = ALIGN (0x4)
                0x0000000020000484                _ebss = .
                0x0000000020000484                __bss_end__ = _ebss

._user_heap_stack
                0x0000000020000484      0x604 load address 0x0000000008004478
                0x0000000020000488                . = ALIGN (0x8)
 *fill*         0x0000000020000484        0x4 
                [!provide]                        PROVIDE (end = .)
                0x0000000020000488                PROVIDE (_end = .)
                0x0000000020000688                . = (. + _Min_Heap_Size)
 *fill*         0x0000000020000488      0x200 
                0x0000000020000a88                . = (. + _Min_Stack_Size)
 *fill*         0x0000000020000688      0x400 
                0x0000000020000a88                . = ALIGN (0x8)

/DISCARD/
 libc.a(*)
 libm.a(*)
 libgcc.a(*)

.ARM.attributes
                0x0000000000000000       0x30
 *(.ARM.attributes)
 .ARM.attributes
                0x0000000000000000       0x1e c:/st/stm32cubeide_1.11.2/stm32cubeide/plugins/com.st.stm32cube.ide.mcu.externaltools.gnu-tools-for-stm32.10.3-2021.10.win32_1.0.200.202301161003/tools/bin/../lib/gcc/arm-none-eabi/10.3.1/thumb/v7e-m+fp/hard/crti.o
 .ARM.attributes
                0x000000000000001e       0x34 c:/st/stm32cubeide_1.11.2/stm32cubeide/plugins/com.st.stm32cube.ide.mcu.externaltools.gnu-tools-for-stm32.10.3-2021.10.win32_1.0.200.202301161003/tools/bin/../lib/gcc/arm-none-eabi/10.3.1/thumb/v7e-m+fp/hard/crtbegin.o
 .ARM.attributes
                0x0000000000000052       0x34 ./Core/Src/dma.o
 .ARM.attributes
                0x0000000000000086       0x34 ./Core/Src/gpio.o
 .ARM.attributes
                0x00000000000000ba       0x34 ./Core/Src/main.o
 .ARM.attributes
                0x00000000000000ee       0x34 ./Core/Src/stm32wbxx_it.o
 .ARM.attributes
                0x0000000000000122       0x34 ./Core/Src/syscalls.o
 .ARM.attributes
                0x0000000000000156       0x34 ./Core/Src/sysmem.o
 .ARM.attributes
                0x000000000000018a       0x34 ./Core/Src/system_stm32wbxx.o
 .ARM.attributes
                0x00000000000001be       0x34 ./Core/Src/usart.o
 .ARM.attributes
                0x00000000000001f2       0x34 ./Core/Src/ws2812.o
 .ARM.attributes
                0x0000000000000226       0x21 ./Core/Startup/startup_stm32wb55rgvx.o
 .ARM.attributes
                0x0000000000000247       0x34 ./Drivers/STM32WBxx_HAL_Driver/Src/stm32wbxx_ll_gpio.o
 .ARM.attributes
                0x000000000000027b       0x34 ./Drivers/STM32WBxx_HAL_Driver/Src/stm32wbxx_ll_rcc.o
 .ARM.attributes
                0x00000000000002af       0x34 ./Drivers/STM32WBxx_HAL_Driver/Src/stm32wbxx_ll_usart.o
 .ARM.attributes
                0x00000000000002e3       0x34 ./Drivers/STM32WBxx_HAL_Driver/Src/stm32wbxx_ll_utils.o
 .ARM.attributes
                0x0000000000000317       0x34 c:/st/stm32cubeide_1.11.2/stm32cubeide/plugins/com.st.stm32cube.ide.mcu.externaltools.gnu-tools-for-stm32.10.3-2021.10.win32_1.0.200.202301161003/tools/bin/../lib/gcc/arm-none-eabi/10.3.1/../../../../arm-none-eabi/lib/thumb/v7e-m+fp/hard\libc_nano.a(lib_a-errno.o)
 .ARM.attributes
                0x000000000000034b       0x34 c:/st/stm32cubeide_1.11.2/stm32cubeide/plugins/com.st.stm32cube.ide.mcu.externaltools.gnu-tools-for-stm32.10.3-2021.10.win32_1.0.200.202301161003/tools/bin/../lib/gcc/arm-none-eabi/10.3.1/../../../../arm-none-eabi/lib/thumb/v7e-m+fp/hard\libc_nano.a(lib_a-impure.o)
 .ARM.attributes
                0x000000000000037f       0x34 c:/st/stm32cubeide_1.11.2/stm32cubeide/plugins/com.st.stm32cube.ide.mcu.externaltools.gnu-tools-for-stm32.10.3-2021.10.win32_1.0.200.202301161003/tools/bin/../lib/gcc/arm-none-eabi/10.3.1/../../../../arm-none-eabi/lib/thumb/v7e-m+fp/hard\libc_nano.a(lib_a-init.o)
 .ARM.attributes
                0x00000000000003b3       0x34 c:/st/stm32cubeide_1.11.2/stm32cubeide/plugins/com.st.stm32cube.ide.mcu.externaltools.gnu-tools-for-stm32.10.3-2021.10.win32_1.0.200.202301161003/tools/bin/../lib/gcc/arm-none-eabi/10.3.1/../../../../arm-none-eabi/lib/thumb/v7e-m+fp/hard\libc_nano.a(lib_a-memset.o)
 .ARM.attributes
                0x00000000000003e7       0x34 c:/st/stm32cubeide_1.11.2/stm32cubeide/plugins/com.st.stm32cube.ide.mcu.externaltools.gnu-tools-for-stm32.10.3-2021.10.win32_1.0.200.202301161003/tools/bin/../lib/gcc/arm-none-eabi/10.3.1/../../../../arm-none-eabi/lib/thumb/v7e-m+fp/hard\libc_nano.a(lib_a-rand.o)
 .ARM.attributes
                0x000000000000041b       0x34 c:/st/stm32cubeide_1.11.2/stm32cubeide/plugins/com.st.stm32cube.ide.mcu.externaltools.gnu-tools-for-stm32.10.3-2021.10.win32_1.0.200.202301161003/tools/bin/../lib/gcc/arm-none-eabi/10.3.1/../../../../arm-none-eabi/lib/thumb/v7e-m+fp/hard\libc_nano.a(lib_a-assert.o)
 .ARM.attributes
                0x000000000000044f       0x34 c:/st/stm32cubeide_1.11.2/stm32cubeide/plugins/com.st.stm32cube.ide.mcu.externaltools.gnu-tools-for-stm32.10.3-2021.10.win32_1.0.200.202301161003/tools/bin/../lib/gcc/arm-none-eabi/10.3.1/../../../../arm-none-eabi/lib/thumb/v7e-m+fp/hard\libc_nano.a(lib_a-fprintf.o)
 .ARM.attributes
                0x0000000000000483       0x34 c:/st/stm32cubeide_1.11.2/stm32cubeide/plugins/com.st.stm32cube.ide.mcu.externaltools.gnu-tools-for-stm32.10.3-2021.10.win32_1.0.200.202301161003/tools/bin/../lib/gcc/arm-none-eabi/10.3.1/../../../../arm-none-eabi/lib/thumb/v7e-m+fp/hard\libc_nano.a(lib_a-malloc.o)
 .ARM.attributes
                0x00000000000004b7       0x34 c:/st/stm32cubeide_1.11.2/stm32cubeide/plugins/com.st.stm32cube.ide.mcu.externaltools.gnu-tools-for-stm32.10.3-2021.10.win32_1.0.200.202301161003/tools/bin/../lib/gcc/arm-none-eabi/10.3.1/../../../../arm-none-eabi/lib/thumb/v7e-m+fp/hard\libc_nano.a(lib_a-nano-freer.o)
 .ARM.attributes
                0x00000000000004eb       0x34 c:/st/stm32cubeide_1.11.2/stm32cubeide/plugins/com.st.stm32cube.ide.mcu.externaltools.gnu-tools-for-stm32.10.3-2021.10.win32_1.0.200.202301161003/tools/bin/../lib/gcc/arm-none-eabi/10.3.1/../../../../arm-none-eabi/lib/thumb/v7e-m+fp/hard\libc_nano.a(lib_a-nano-mallocr.o)
 .ARM.attributes
                0x000000000000051f       0x34 c:/st/stm32cubeide_1.11.2/stm32cubeide/plugins/com.st.stm32cube.ide.mcu.externaltools.gnu-tools-for-stm32.10.3-2021.10.win32_1.0.200.202301161003/tools/bin/../lib/gcc/arm-none-eabi/10.3.1/../../../../arm-none-eabi/lib/thumb/v7e-m+fp/hard\libc_nano.a(lib_a-nano-vfprintf.o)
 .ARM.attributes
                0x0000000000000553       0x34 c:/st/stm32cubeide_1.11.2/stm32cubeide/plugins/com.st.stm32cube.ide.mcu.externaltools.gnu-tools-for-stm32.10.3-2021.10.win32_1.0.200.202301161003/tools/bin/../lib/gcc/arm-none-eabi/10.3.1/../../../../arm-none-eabi/lib/thumb/v7e-m+fp/hard\libc_nano.a(lib_a-nano-vfprintf_i.o)
 .ARM.attributes
                0x0000000000000587       0x34 c:/st/stm32cubeide_1.11.2/stm32cubeide/plugins/com.st.stm32cube.ide.mcu.externaltools.gnu-tools-for-stm32.10.3-2021.10.win32_1.0.200.202301161003/tools/bin/../lib/gcc/arm-none-eabi/10.3.1/../../../../arm-none-eabi/lib/thumb/v7e-m+fp/hard\libc_nano.a(lib_a-sbrkr.o)
 .ARM.attributes
                0x00000000000005bb       0x34 c:/st/stm32cubeide_1.11.2/stm32cubeide/plugins/com.st.stm32cube.ide.mcu.externaltools.gnu-tools-for-stm32.10.3-2021.10.win32_1.0.200.202301161003/tools/bin/../lib/gcc/arm-none-eabi/10.3.1/../../../../arm-none-eabi/lib/thumb/v7e-m+fp/hard\libc_nano.a(lib_a-wbuf.o)
 .ARM.attributes
                0x00000000000005ef       0x34 c:/st/stm32cubeide_1.11.2/stm32cubeide/plugins/com.st.stm32cube.ide.mcu.externaltools.gnu-tools-for-stm32.10.3-2021.10.win32_1.0.200.202301161003/tools/bin/../lib/gcc/arm-none-eabi/10.3.1/../../../../arm-none-eabi/lib/thumb/v7e-m+fp/hard\libc_nano.a(lib_a-wsetup.o)
 .ARM.attributes
                0x0000000000000623       0x34 c:/st/stm32cubeide_1.11.2/stm32cubeide/plugins/com.st.stm32cube.ide.mcu.externaltools.gnu-tools-for-stm32.10.3-2021.10.win32_1.0.200.202301161003/tools/bin/../lib/gcc/arm-none-eabi/10.3.1/../../../../arm-none-eabi/lib/thumb/v7e-m+fp/hard\libc_nano.a(lib_a-abort.o)
 .ARM.attributes
                0x0000000000000657       0x34 c:/st/stm32cubeide_1.11.2/stm32cubeide/plugins/com.st.stm32cube.ide.mcu.externaltools.gnu-tools-for-stm32.10.3-2021.10.win32_1.0.200.202301161003/tools/bin/../lib/gcc/arm-none-eabi/10.3.1/../../../../arm-none-eabi/lib/thumb/v7e-m+fp/hard\libc_nano.a(lib_a-fflush.o)
 .ARM.attributes
                0x000000000000068b       0x34 c:/st/stm32cubeide_1.11.2/stm32cubeide/plugins/com.st.stm32cube.ide.mcu.externaltools.gnu-tools-for-stm32.10.3-2021.10.win32_1.0.200.202301161003/tools/bin/../lib/gcc/arm-none-eabi/10.3.1/../../../../arm-none-eabi/lib/thumb/v7e-m+fp/hard\libc_nano.a(lib_a-findfp.o)
 .ARM.attributes
                0x00000000000006bf       0x34 c:/st/stm32cubeide_1.11.2/stm32cubeide/plugins/com.st.stm32cube.ide.mcu.externaltools.gnu-tools-for-stm32.10.3-2021.10.win32_1.0.200.202301161003/tools/bin/../lib/gcc/arm-none-eabi/10.3.1/../../../../arm-none-eabi/lib/thumb/v7e-m+fp/hard\libc_nano.a(lib_a-fwalk.o)
 .ARM.attributes
                0x00000000000006f3       0x34 c:/st/stm32cubeide_1.11.2/stm32cubeide/plugins/com.st.stm32cube.ide.mcu.externaltools.gnu-tools-for-stm32.10.3-2021.10.win32_1.0.200.202301161003/tools/bin/../lib/gcc/arm-none-eabi/10.3.1/../../../../arm-none-eabi/lib/thumb/v7e-m+fp/hard\libc_nano.a(lib_a-lock.o)
 .ARM.attributes
                0x0000000000000727       0x34 c:/st/stm32cubeide_1.11.2/stm32cubeide/plugins/com.st.stm32cube.ide.mcu.externaltools.gnu-tools-for-stm32.10.3-2021.10.win32_1.0.200.202301161003/tools/bin/../lib/gcc/arm-none-eabi/10.3.1/../../../../arm-none-eabi/lib/thumb/v7e-m+fp/hard\libc_nano.a(lib_a-makebuf.o)
 .ARM.attributes
                0x000000000000075b       0x1c c:/st/stm32cubeide_1.11.2/stm32cubeide/plugins/com.st.stm32cube.ide.mcu.externaltools.gnu-tools-for-stm32.10.3-2021.10.win32_1.0.200.202301161003/tools/bin/../lib/gcc/arm-none-eabi/10.3.1/../../../../arm-none-eabi/lib/thumb/v7e-m+fp/hard\libc_nano.a(lib_a-memchr.o)
 .ARM.attributes
                0x0000000000000777       0x34 c:/st/stm32cubeide_1.11.2/stm32cubeide/plugins/com.st.stm32cube.ide.mcu.externaltools.gnu-tools-for-stm32.10.3-2021.10.win32_1.0.200.202301161003/tools/bin/../lib/gcc/arm-none-eabi/10.3.1/../../../../arm-none-eabi/lib/thumb/v7e-m+fp/hard\libc_nano.a(lib_a-mlock.o)
 .ARM.attributes
                0x00000000000007ab       0x34 c:/st/stm32cubeide_1.11.2/stm32cubeide/plugins/com.st.stm32cube.ide.mcu.externaltools.gnu-tools-for-stm32.10.3-2021.10.win32_1.0.200.202301161003/tools/bin/../lib/gcc/arm-none-eabi/10.3.1/../../../../arm-none-eabi/lib/thumb/v7e-m+fp/hard\libc_nano.a(lib_a-reent.o)
 .ARM.attributes
                0x00000000000007df       0x34 c:/st/stm32cubeide_1.11.2/stm32cubeide/plugins/com.st.stm32cube.ide.mcu.externaltools.gnu-tools-for-stm32.10.3-2021.10.win32_1.0.200.202301161003/tools/bin/../lib/gcc/arm-none-eabi/10.3.1/../../../../arm-none-eabi/lib/thumb/v7e-m+fp/hard\libc_nano.a(lib_a-signal.o)
 .ARM.attributes
                0x0000000000000813       0x34 c:/st/stm32cubeide_1.11.2/stm32cubeide/plugins/com.st.stm32cube.ide.mcu.externaltools.gnu-tools-for-stm32.10.3-2021.10.win32_1.0.200.202301161003/tools/bin/../lib/gcc/arm-none-eabi/10.3.1/../../../../arm-none-eabi/lib/thumb/v7e-m+fp/hard\libc_nano.a(lib_a-signalr.o)
 .ARM.attributes
                0x0000000000000847       0x34 c:/st/stm32cubeide_1.11.2/stm32cubeide/plugins/com.st.stm32cube.ide.mcu.externaltools.gnu-tools-for-stm32.10.3-2021.10.win32_1.0.200.202301161003/tools/bin/../lib/gcc/arm-none-eabi/10.3.1/../../../../arm-none-eabi/lib/thumb/v7e-m+fp/hard\libc_nano.a(lib_a-stdio.o)
 .ARM.attributes
                0x000000000000087b       0x34 c:/st/stm32cubeide_1.11.2/stm32cubeide/plugins/com.st.stm32cube.ide.mcu.externaltools.gnu-tools-for-stm32.10.3-2021.10.win32_1.0.200.202301161003/tools/bin/../lib/gcc/arm-none-eabi/10.3.1/../../../../arm-none-eabi/lib/thumb/v7e-m+fp/hard\libc_nano.a(lib_a-writer.o)
 .ARM.attributes
                0x00000000000008af       0x34 c:/st/stm32cubeide_1.11.2/stm32cubeide/plugins/com.st.stm32cube.ide.mcu.externaltools.gnu-tools-for-stm32.10.3-2021.10.win32_1.0.200.202301161003/tools/bin/../lib/gcc/arm-none-eabi/10.3.1/../../../../arm-none-eabi/lib/thumb/v7e-m+fp/hard\libc_nano.a(lib_a-closer.o)
 .ARM.attributes
                0x00000000000008e3       0x34 c:/st/stm32cubeide_1.11.2/stm32cubeide/plugins/com.st.stm32cube.ide.mcu.externaltools.gnu-tools-for-stm32.10.3-2021.10.win32_1.0.200.202301161003/tools/bin/../lib/gcc/arm-none-eabi/10.3.1/../../../../arm-none-eabi/lib/thumb/v7e-m+fp/hard\libc_nano.a(lib_a-fstatr.o)
 .ARM.attributes
                0x0000000000000917       0x34 c:/st/stm32cubeide_1.11.2/stm32cubeide/plugins/com.st.stm32cube.ide.mcu.externaltools.gnu-tools-for-stm32.10.3-2021.10.win32_1.0.200.202301161003/tools/bin/../lib/gcc/arm-none-eabi/10.3.1/../../../../arm-none-eabi/lib/thumb/v7e-m+fp/hard\libc_nano.a(lib_a-isattyr.o)
 .ARM.attributes
                0x000000000000094b       0x34 c:/st/stm32cubeide_1.11.2/stm32cubeide/plugins/com.st.stm32cube.ide.mcu.externaltools.gnu-tools-for-stm32.10.3-2021.10.win32_1.0.200.202301161003/tools/bin/../lib/gcc/arm-none-eabi/10.3.1/../../../../arm-none-eabi/lib/thumb/v7e-m+fp/hard\libc_nano.a(lib_a-lseekr.o)
 .ARM.attributes
                0x000000000000097f       0x34 c:/st/stm32cubeide_1.11.2/stm32cubeide/plugins/com.st.stm32cube.ide.mcu.externaltools.gnu-tools-for-stm32.10.3-2021.10.win32_1.0.200.202301161003/tools/bin/../lib/gcc/arm-none-eabi/10.3.1/../../../../arm-none-eabi/lib/thumb/v7e-m+fp/hard\libc_nano.a(lib_a-readr.o)
 .ARM.attributes
                0x00000000000009b3       0x1e c:/st/stm32cubeide_1.11.2/stm32cubeide/plugins/com.st.stm32cube.ide.mcu.externaltools.gnu-tools-for-stm32.10.3-2021.10.win32_1.0.200.202301161003/tools/bin/../lib/gcc/arm-none-eabi/10.3.1/thumb/v7e-m+fp/hard/crtn.o

MAPPING_TABLE
 *(MAPPING_TABLE)

MB_MEM1
 *(MB_MEM1)
                0x0000000008004478                _siMB_MEM2 = LOADADDR (.MB_MEM2)

.MB_MEM2        0x0000000020030000        0x0 load address 0x0000000008004478
                0x0000000020030000                _sMB_MEM2 = .
 *(.MB_MEM2)
                0x0000000020030000                _eMB_MEM2 = .
OUTPUT(LL_UART_Test.elf elf32-littlearm)
LOAD linker stubs
LOAD c:/st/stm32cubeide_1.11.2/stm32cubeide/plugins/com.st.stm32cube.ide.mcu.externaltools.gnu-tools-for-stm32.10.3-2021.10.win32_1.0.200.202301161003/tools/bin/../lib/gcc/arm-none-eabi/10.3.1/../../../../arm-none-eabi/lib/thumb/v7e-m+fp/hard\libc.a
LOAD c:/st/stm32cubeide_1.11.2/stm32cubeide/plugins/com.st.stm32cube.ide.mcu.externaltools.gnu-tools-for-stm32.10.3-2021.10.win32_1.0.200.202301161003/tools/bin/../lib/gcc/arm-none-eabi/10.3.1/../../../../arm-none-eabi/lib/thumb/v7e-m+fp/hard\libm.a
LOAD c:/st/stm32cubeide_1.11.2/stm32cubeide/plugins/com.st.stm32cube.ide.mcu.externaltools.gnu-tools-for-stm32.10.3-2021.10.win32_1.0.200.202301161003/tools/bin/../lib/gcc/arm-none-eabi/10.3.1/thumb/v7e-m+fp/hard\libgcc.a

.debug_info     0x0000000000000000     0x869b
 .debug_info    0x0000000000000000      0xa62 ./Core/Src/dma.o
 .debug_info    0x0000000000000a62      0x63b ./Core/Src/gpio.o
 .debug_info    0x000000000000109d     0x1145 ./Core/Src/main.o
 .debug_info    0x00000000000021e2      0x1a2 ./Core/Src/stm32wbxx_it.o
 .debug_info    0x0000000000002384      0x6e0 ./Core/Src/syscalls.o
 .debug_info    0x0000000000002a64      0x171 ./Core/Src/sysmem.o
 .debug_info    0x0000000000002bd5      0x73a ./Core/Src/system_stm32wbxx.o
 .debug_info    0x000000000000330f      0xd9f ./Core/Src/usart.o
 .debug_info    0x00000000000040ae     0x104f ./Core/Src/ws2812.o
 .debug_info    0x00000000000050fd       0x22 ./Core/Startup/startup_stm32wb55rgvx.o
 .debug_info    0x000000000000511f      0xb8c ./Drivers/STM32WBxx_HAL_Driver/Src/stm32wbxx_ll_gpio.o
 .debug_info    0x0000000000005cab     0x112f ./Drivers/STM32WBxx_HAL_Driver/Src/stm32wbxx_ll_rcc.o
 .debug_info    0x0000000000006dda      0x93a ./Drivers/STM32WBxx_HAL_Driver/Src/stm32wbxx_ll_usart.o
 .debug_info    0x0000000000007714      0xf87 ./Drivers/STM32WBxx_HAL_Driver/Src/stm32wbxx_ll_utils.o

.debug_abbrev   0x0000000000000000     0x188b
 .debug_abbrev  0x0000000000000000      0x198 ./Core/Src/dma.o
 .debug_abbrev  0x0000000000000198      0x1b1 ./Core/Src/gpio.o
 .debug_abbrev  0x0000000000000349      0x2a0 ./Core/Src/main.o
 .debug_abbrev  0x00000000000005e9       0xc0 ./Core/Src/stm32wbxx_it.o
 .debug_abbrev  0x00000000000006a9      0x1b3 ./Core/Src/syscalls.o
 .debug_abbrev  0x000000000000085c       0xbb ./Core/Src/sysmem.o
 .debug_abbrev  0x0000000000000917      0x136 ./Core/Src/system_stm32wbxx.o
 .debug_abbrev  0x0000000000000a4d      0x24b ./Core/Src/usart.o
 .debug_abbrev  0x0000000000000c98      0x337 ./Core/Src/ws2812.o
 .debug_abbrev  0x0000000000000fcf       0x12 ./Core/Startup/startup_stm32wb55rgvx.o
 .debug_abbrev  0x0000000000000fe1      0x243 ./Drivers/STM32WBxx_HAL_Driver/Src/stm32wbxx_ll_gpio.o
 .debug_abbrev  0x0000000000001224      0x21d ./Drivers/STM32WBxx_HAL_Driver/Src/stm32wbxx_ll_rcc.o
 .debug_abbrev  0x0000000000001441      0x1ef ./Drivers/STM32WBxx_HAL_Driver/Src/stm32wbxx_ll_usart.o
 .debug_abbrev  0x0000000000001630      0x25b ./Drivers/STM32WBxx_HAL_Driver/Src/stm32wbxx_ll_utils.o

.debug_aranges  0x0000000000000000      0x978
 .debug_aranges
                0x0000000000000000       0x48 ./Core/Src/dma.o
 .debug_aranges
                0x0000000000000048       0x30 ./Core/Src/gpio.o
 .debug_aranges
                0x0000000000000078      0x128 ./Core/Src/main.o
 .debug_aranges
                0x00000000000001a0       0x68 ./Core/Src/stm32wbxx_it.o
 .debug_aranges
                0x0000000000000208       0xa8 ./Core/Src/syscalls.o
 .debug_aranges
                0x00000000000002b0       0x20 ./Core/Src/sysmem.o
 .debug_aranges
                0x00000000000002d0       0x28 ./Core/Src/system_stm32wbxx.o
 .debug_aranges
                0x00000000000002f8       0xb8 ./Core/Src/usart.o
 .debug_aranges
                0x00000000000003b0       0xe0 ./Core/Src/ws2812.o
 .debug_aranges
                0x0000000000000490       0x30 ./Core/Startup/startup_stm32wb55rgvx.o
 .debug_aranges
                0x00000000000004c0       0x70 ./Drivers/STM32WBxx_HAL_Driver/Src/stm32wbxx_ll_gpio.o
 .debug_aranges
                0x0000000000000530      0x2a0 ./Drivers/STM32WBxx_HAL_Driver/Src/stm32wbxx_ll_rcc.o
 .debug_aranges
                0x00000000000007d0       0x78 ./Drivers/STM32WBxx_HAL_Driver/Src/stm32wbxx_ll_usart.o
 .debug_aranges
                0x0000000000000848      0x130 ./Drivers/STM32WBxx_HAL_Driver/Src/stm32wbxx_ll_utils.o

.debug_ranges   0x0000000000000000      0x8a0
 .debug_ranges  0x0000000000000000       0x38 ./Core/Src/dma.o
 .debug_ranges  0x0000000000000038       0x20 ./Core/Src/gpio.o
 .debug_ranges  0x0000000000000058      0x118 ./Core/Src/main.o
 .debug_ranges  0x0000000000000170       0x58 ./Core/Src/stm32wbxx_it.o
 .debug_ranges  0x00000000000001c8       0x98 ./Core/Src/syscalls.o
 .debug_ranges  0x0000000000000260       0x10 ./Core/Src/sysmem.o
 .debug_ranges  0x0000000000000270       0x18 ./Core/Src/system_stm32wbxx.o
 .debug_ranges  0x0000000000000288       0xa8 ./Core/Src/usart.o
 .debug_ranges  0x0000000000000330       0xd0 ./Core/Src/ws2812.o
 .debug_ranges  0x0000000000000400       0x28 ./Core/Startup/startup_stm32wb55rgvx.o
 .debug_ranges  0x0000000000000428       0x60 ./Drivers/STM32WBxx_HAL_Driver/Src/stm32wbxx_ll_gpio.o
 .debug_ranges  0x0000000000000488      0x290 ./Drivers/STM32WBxx_HAL_Driver/Src/stm32wbxx_ll_rcc.o
 .debug_ranges  0x0000000000000718       0x68 ./Drivers/STM32WBxx_HAL_Driver/Src/stm32wbxx_ll_usart.o
 .debug_ranges  0x0000000000000780      0x120 ./Drivers/STM32WBxx_HAL_Driver/Src/stm32wbxx_ll_utils.o

.debug_macro    0x0000000000000000    0x1a70d
 .debug_macro   0x0000000000000000      0x158 ./Core/Src/dma.o
 .debug_macro   0x0000000000000158      0xaba ./Core/Src/dma.o
 .debug_macro   0x0000000000000c12       0x2e ./Core/Src/dma.o
 .debug_macro   0x0000000000000c40       0x2e ./Core/Src/dma.o
 .debug_macro   0x0000000000000c6e       0x22 ./Core/Src/dma.o
 .debug_macro   0x0000000000000c90       0x8e ./Core/Src/dma.o
 .debug_macro   0x0000000000000d1e       0x51 ./Core/Src/dma.o
 .debug_macro   0x0000000000000d6f      0x103 ./Core/Src/dma.o
 .debug_macro   0x0000000000000e72       0x6a ./Core/Src/dma.o
 .debug_macro   0x0000000000000edc      0x1df ./Core/Src/dma.o
 .debug_macro   0x00000000000010bb       0x1c ./Core/Src/dma.o
 .debug_macro   0x00000000000010d7       0x22 ./Core/Src/dma.o
 .debug_macro   0x00000000000010f9       0xfb ./Core/Src/dma.o
 .debug_macro   0x00000000000011f4     0x1011 ./Core/Src/dma.o
 .debug_macro   0x0000000000002205      0x11f ./Core/Src/dma.o
 .debug_macro   0x0000000000002324    0x12adb ./Core/Src/dma.o
 .debug_macro   0x0000000000014dff       0x6c ./Core/Src/dma.o
 .debug_macro   0x0000000000014e6b      0x3f5 ./Core/Src/dma.o
 .debug_macro   0x0000000000015260      0x28d ./Core/Src/dma.o
 .debug_macro   0x00000000000154ed       0xe4 ./Core/Src/dma.o
 .debug_macro   0x00000000000155d1      0x883 ./Core/Src/dma.o
 .debug_macro   0x0000000000015e54      0x259 ./Core/Src/dma.o
 .debug_macro   0x00000000000160ad      0x557 ./Core/Src/dma.o
 .debug_macro   0x0000000000016604      0x175 ./Core/Src/dma.o
 .debug_macro   0x0000000000016779      0x1a8 ./Core/Src/dma.o
 .debug_macro   0x0000000000016921       0x45 ./Core/Src/dma.o
 .debug_macro   0x0000000000016966      0x381 ./Core/Src/dma.o
 .debug_macro   0x0000000000016ce7      0x40f ./Core/Src/dma.o
 .debug_macro   0x00000000000170f6      0x14d ./Core/Src/dma.o
 .debug_macro   0x0000000000017243       0xa6 ./Core/Src/dma.o
 .debug_macro   0x00000000000172e9      0x158 ./Core/Src/gpio.o
 .debug_macro   0x0000000000017441      0x179 ./Core/Src/main.o
 .debug_macro   0x00000000000175ba       0x1c ./Core/Src/main.o
 .debug_macro   0x00000000000175d6      0x16b ./Core/Src/stm32wbxx_it.o
 .debug_macro   0x0000000000017741       0x16 ./Core/Src/stm32wbxx_it.o
 .debug_macro   0x0000000000017757      0x24c ./Core/Src/syscalls.o
 .debug_macro   0x00000000000179a3       0x4c ./Core/Src/syscalls.o
 .debug_macro   0x00000000000179ef       0x1e ./Core/Src/syscalls.o
 .debug_macro   0x0000000000017a0d       0x94 ./Core/Src/syscalls.o
 .debug_macro   0x0000000000017aa1       0x3c ./Core/Src/syscalls.o
 .debug_macro   0x0000000000017add       0x34 ./Core/Src/syscalls.o
 .debug_macro   0x0000000000017b11       0x57 ./Core/Src/syscalls.o
 .debug_macro   0x0000000000017b68      0x174 ./Core/Src/syscalls.o
 .debug_macro   0x0000000000017cdc      0x341 ./Core/Src/syscalls.o
 .debug_macro   0x000000000001801d       0x16 ./Core/Src/syscalls.o
 .debug_macro   0x0000000000018033       0x43 ./Core/Src/syscalls.o
 .debug_macro   0x0000000000018076       0x34 ./Core/Src/syscalls.o
 .debug_macro   0x00000000000180aa       0x10 ./Core/Src/syscalls.o
 .debug_macro   0x00000000000180ba       0x58 ./Core/Src/syscalls.o
 .debug_macro   0x0000000000018112       0x71 ./Core/Src/syscalls.o
 .debug_macro   0x0000000000018183       0x1c ./Core/Src/syscalls.o
 .debug_macro   0x000000000001819f      0x12a ./Core/Src/syscalls.o
 .debug_macro   0x00000000000182c9       0x10 ./Core/Src/syscalls.o
 .debug_macro   0x00000000000182d9       0x35 ./Core/Src/syscalls.o
 .debug_macro   0x000000000001830e       0x10 ./Core/Src/syscalls.o
 .debug_macro   0x000000000001831e       0x10 ./Core/Src/syscalls.o
 .debug_macro   0x000000000001832e       0x10 ./Core/Src/syscalls.o
 .debug_macro   0x000000000001833e       0x1c ./Core/Src/syscalls.o
 .debug_macro   0x000000000001835a       0x52 ./Core/Src/syscalls.o
 .debug_macro   0x00000000000183ac       0x22 ./Core/Src/syscalls.o
 .debug_macro   0x00000000000183ce       0x10 ./Core/Src/syscalls.o
 .debug_macro   0x00000000000183de       0x52 ./Core/Src/syscalls.o
 .debug_macro   0x0000000000018430       0xd5 ./Core/Src/syscalls.o
 .debug_macro   0x0000000000018505       0x1c ./Core/Src/syscalls.o
 .debug_macro   0x0000000000018521       0x3d ./Core/Src/syscalls.o
 .debug_macro   0x000000000001855e       0x35 ./Core/Src/syscalls.o
 .debug_macro   0x0000000000018593      0x12c ./Core/Src/syscalls.o
 .debug_macro   0x00000000000186bf       0x16 ./Core/Src/syscalls.o
 .debug_macro   0x00000000000186d5       0x16 ./Core/Src/syscalls.o
 .debug_macro   0x00000000000186eb       0x29 ./Core/Src/syscalls.o
 .debug_macro   0x0000000000018714       0x10 ./Core/Src/syscalls.o
 .debug_macro   0x0000000000018724      0x241 ./Core/Src/syscalls.o
 .debug_macro   0x0000000000018965       0x1c ./Core/Src/syscalls.o
 .debug_macro   0x0000000000018981       0x10 ./Core/Src/syscalls.o
 .debug_macro   0x0000000000018991       0x10 ./Core/Src/syscalls.o
 .debug_macro   0x00000000000189a1       0x16 ./Core/Src/syscalls.o
 .debug_macro   0x00000000000189b7      0x145 ./Core/Src/syscalls.o
 .debug_macro   0x0000000000018afc      0x189 ./Core/Src/syscalls.o
 .debug_macro   0x0000000000018c85       0x16 ./Core/Src/syscalls.o
 .debug_macro   0x0000000000018c9b       0xce ./Core/Src/syscalls.o
 .debug_macro   0x0000000000018d69       0xff ./Core/Src/sysmem.o
 .debug_macro   0x0000000000018e68      0x23b ./Core/Src/sysmem.o
 .debug_macro   0x00000000000190a3       0xd3 ./Core/Src/system_stm32wbxx.o
 .debug_macro   0x0000000000019176      0x158 ./Core/Src/usart.o
 .debug_macro   0x00000000000192ce      0x161 ./Core/Src/ws2812.o
 .debug_macro   0x000000000001942f      0x10f ./Drivers/STM32WBxx_HAL_Driver/Src/stm32wbxx_ll_gpio.o
 .debug_macro   0x000000000001953e      0x147 ./Drivers/STM32WBxx_HAL_Driver/Src/stm32wbxx_ll_gpio.o
 .debug_macro   0x0000000000019685      0x118 ./Drivers/STM32WBxx_HAL_Driver/Src/stm32wbxx_ll_rcc.o
 .debug_macro   0x000000000001979d      0x87d ./Drivers/STM32WBxx_HAL_Driver/Src/stm32wbxx_ll_rcc.o
 .debug_macro   0x000000000001a01a      0x142 ./Drivers/STM32WBxx_HAL_Driver/Src/stm32wbxx_ll_usart.o
 .debug_macro   0x000000000001a15c      0x409 ./Drivers/STM32WBxx_HAL_Driver/Src/stm32wbxx_ll_usart.o
 .debug_macro   0x000000000001a565      0x169 ./Drivers/STM32WBxx_HAL_Driver/Src/stm32wbxx_ll_utils.o
 .debug_macro   0x000000000001a6ce       0x3f ./Drivers/STM32WBxx_HAL_Driver/Src/stm32wbxx_ll_utils.o

.debug_line     0x0000000000000000     0x7708
 .debug_line    0x0000000000000000      0x6b4 ./Core/Src/dma.o
 .debug_line    0x00000000000006b4      0x62f ./Core/Src/gpio.o
 .debug_line    0x0000000000000ce3      0xae9 ./Core/Src/main.o
 .debug_line    0x00000000000017cc      0x69b ./Core/Src/stm32wbxx_it.o
 .debug_line    0x0000000000001e67      0x7fe ./Core/Src/syscalls.o
 .debug_line    0x0000000000002665      0x4f4 ./Core/Src/sysmem.o
 .debug_line    0x0000000000002b59      0x50e ./Core/Src/system_stm32wbxx.o
 .debug_line    0x0000000000003067      0x9ea ./Core/Src/usart.o
 .debug_line    0x0000000000003a51      0xf4b ./Core/Src/ws2812.o
 .debug_line    0x000000000000499c       0x91 ./Core/Startup/startup_stm32wb55rgvx.o
 .debug_line    0x0000000000004a2d      0x7c5 ./Drivers/STM32WBxx_HAL_Driver/Src/stm32wbxx_ll_gpio.o
 .debug_line    0x00000000000051f2     0x133b ./Drivers/STM32WBxx_HAL_Driver/Src/stm32wbxx_ll_rcc.o
 .debug_line    0x000000000000652d      0x692 ./Drivers/STM32WBxx_HAL_Driver/Src/stm32wbxx_ll_usart.o
 .debug_line    0x0000000000006bbf      0xb49 ./Drivers/STM32WBxx_HAL_Driver/Src/stm32wbxx_ll_utils.o

.debug_str      0x0000000000000000    0x90ea3
 .debug_str     0x0000000000000000    0x87f01 ./Core/Src/dma.o
                                      0x88167 (size before relaxing)
 .debug_str     0x0000000000087f01       0xf1 ./Core/Src/gpio.o
                                      0x87cb5 (size before relaxing)
 .debug_str     0x0000000000087ff2      0x4b0 ./Core/Src/main.o
                                      0x885ba (size before relaxing)
 .debug_str     0x00000000000884a2       0xf1 ./Core/Src/stm32wbxx_it.o
                                      0x87ab8 (size before relaxing)
 .debug_str     0x0000000000088593     0x5774 ./Core/Src/syscalls.o
                                       0x8b5f (size before relaxing)
 .debug_str     0x000000000008dd07       0x6b ./Core/Src/sysmem.o
                                       0x5e9b (size before relaxing)
 .debug_str     0x000000000008dd72       0xb7 ./Core/Src/system_stm32wbxx.o
                                      0x772bb (size before relaxing)
 .debug_str     0x000000000008de29      0x313 ./Core/Src/usart.o
                                      0x8802e (size before relaxing)
 .debug_str     0x000000000008e13c      0x284 ./Core/Src/ws2812.o
                                      0x88270 (size before relaxing)
 .debug_str     0x000000000008e3c0       0x36 ./Core/Startup/startup_stm32wb55rgvx.o
                                         0x59 (size before relaxing)
 .debug_str     0x000000000008e3f6      0x675 ./Drivers/STM32WBxx_HAL_Driver/Src/stm32wbxx_ll_gpio.o
                                      0x7905f (size before relaxing)
 .debug_str     0x000000000008ea6b      0xc81 ./Drivers/STM32WBxx_HAL_Driver/Src/stm32wbxx_ll_rcc.o
                                      0x7c87b (size before relaxing)
 .debug_str     0x000000000008f6ec      0xa65 ./Drivers/STM32WBxx_HAL_Driver/Src/stm32wbxx_ll_usart.o
                                      0x7f022 (size before relaxing)
 .debug_str     0x0000000000090151      0xd52 ./Drivers/STM32WBxx_HAL_Driver/Src/stm32wbxx_ll_utils.o
                                      0x807fe (size before relaxing)

.comment        0x0000000000000000       0x50
 .comment       0x0000000000000000       0x50 ./Core/Src/dma.o
                                         0x51 (size before relaxing)
 .comment       0x0000000000000050       0x51 ./Core/Src/gpio.o
 .comment       0x0000000000000050       0x51 ./Core/Src/main.o
 .comment       0x0000000000000050       0x51 ./Core/Src/stm32wbxx_it.o
 .comment       0x0000000000000050       0x51 ./Core/Src/syscalls.o
 .comment       0x0000000000000050       0x51 ./Core/Src/sysmem.o
 .comment       0x0000000000000050       0x51 ./Core/Src/system_stm32wbxx.o
 .comment       0x0000000000000050       0x51 ./Core/Src/usart.o
 .comment       0x0000000000000050       0x51 ./Core/Src/ws2812.o
 .comment       0x0000000000000050       0x51 ./Drivers/STM32WBxx_HAL_Driver/Src/stm32wbxx_ll_gpio.o
 .comment       0x0000000000000050       0x51 ./Drivers/STM32WBxx_HAL_Driver/Src/stm32wbxx_ll_rcc.o
 .comment       0x0000000000000050       0x51 ./Drivers/STM32WBxx_HAL_Driver/Src/stm32wbxx_ll_usart.o
 .comment       0x0000000000000050       0x51 ./Drivers/STM32WBxx_HAL_Driver/Src/stm32wbxx_ll_utils.o

.debug_frame    0x0000000000000000     0x2f54
 .debug_frame   0x0000000000000000       0xec ./Core/Src/dma.o
 .debug_frame   0x00000000000000ec       0x84 ./Core/Src/gpio.o
 .debug_frame   0x0000000000000170      0x4bc ./Core/Src/main.o
 .debug_frame   0x000000000000062c      0x120 ./Core/Src/stm32wbxx_it.o
 .debug_frame   0x000000000000074c      0x2ac ./Core/Src/syscalls.o
 .debug_frame   0x00000000000009f8       0x34 ./Core/Src/sysmem.o
 .debug_frame   0x0000000000000a2c       0x58 ./Core/Src/system_stm32wbxx.o
 .debug_frame   0x0000000000000a84      0x32c ./Core/Src/usart.o
 .debug_frame   0x0000000000000db0      0x3e4 ./Core/Src/ws2812.o
 .debug_frame   0x0000000000001194      0x1c0 ./Drivers/STM32WBxx_HAL_Driver/Src/stm32wbxx_ll_gpio.o
 .debug_frame   0x0000000000001354      0xb24 ./Drivers/STM32WBxx_HAL_Driver/Src/stm32wbxx_ll_rcc.o