../Drivers/CMSIS/Include/core_cm4.h:1648:22:__NVIC_SetPriorityGrouping	24	static
../Drivers/CMSIS/Include/core_cm4.h:1679:22:__NVIC_EnableIRQ	16	static,ignoring_inline_asm
../Drivers/STM32WBxx_HAL_Driver/Inc/stm32wbxx_ll_dma.h:1964:22:LL_DMA_EnableIT_TC	16	static
../Drivers/STM32WBxx_HAL_Driver/Inc/stm32wbxx_ll_dma.h:1983:22:LL_DMA_EnableIT_HT	16	static
../Drivers/STM32WBxx_HAL_Driver/Inc/stm32wbxx_ll_rcc.h:1318:22:LL_RCC_HSE_Enable	4	static
../Drivers/STM32WBxx_HAL_Driver/Inc/stm32wbxx_ll_rcc.h:1338:26:LL_RCC_HSE_IsReady	4	static
../Drivers/STM32WBxx_HAL_Driver/Inc/stm32wbxx_ll_rcc.h:1480:22:LL_RCC_HSI_Enable	4	static
../Drivers/STM32WBxx_HAL_Driver/Inc/stm32wbxx_ll_rcc.h:1500:26:LL_RCC_HSI_IsReady	4	static
../Drivers/STM32WBxx_HAL_Driver/Inc/stm32wbxx_ll_rcc.h:1850:22:LL_RCC_MSI_Enable	4	static
../Drivers/STM32WBxx_HAL_Driver/Inc/stm32wbxx_ll_rcc.h:1870:26:LL_RCC_MSI_IsReady	4	static
../Drivers/STM32WBxx_HAL_Driver/Inc/stm32wbxx_ll_rcc.h:2058:22:LL_RCC_SetSysClkSource	16	static
../Drivers/STM32WBxx_HAL_Driver/Inc/stm32wbxx_ll_rcc.h:2072:26:LL_RCC_GetSysClkSource	4	static
../Drivers/STM32WBxx_HAL_Driver/Inc/stm32wbxx_ll_rcc.h:2101:22:LL_RCC_SetRFWKPClockSource	16	static
../Drivers/STM32WBxx_HAL_Driver/Inc/stm32wbxx_ll_rcc.h:2152:22:LL_RCC_SetAHBPrescaler	16	static
../Drivers/STM32WBxx_HAL_Driver/Inc/stm32wbxx_ll_rcc.h:2177:22:LL_C2_RCC_SetAHBPrescaler	16	static
../Drivers/STM32WBxx_HAL_Driver/Inc/stm32wbxx_ll_rcc.h:2202:22:LL_RCC_SetAHB4Prescaler	16	static
../Drivers/STM32WBxx_HAL_Driver/Inc/stm32wbxx_ll_rcc.h:2218:22:LL_RCC_SetAPB1Prescaler	16	static
../Drivers/STM32WBxx_HAL_Driver/Inc/stm32wbxx_ll_rcc.h:2234:22:LL_RCC_SetAPB2Prescaler	16	static
../Drivers/STM32WBxx_HAL_Driver/Inc/stm32wbxx_ll_rcc.h:2388:22:LL_RCC_SetSMPSClockSource	16	static
../Drivers/STM32WBxx_HAL_Driver/Inc/stm32wbxx_ll_rcc.h:2431:22:LL_RCC_SetSMPSPrescaler	16	static
../Drivers/STM32WBxx_HAL_Driver/Inc/stm32wbxx_ll_rcc.h:2942:22:LL_RCC_PLL_Enable	4	static
../Drivers/STM32WBxx_HAL_Driver/Inc/stm32wbxx_ll_rcc.h:2963:26:LL_RCC_PLL_IsReady	4	static
../Drivers/STM32WBxx_HAL_Driver/Inc/stm32wbxx_ll_rcc.h:2999:22:LL_RCC_PLL_ConfigDomain_SYS	24	static
../Drivers/STM32WBxx_HAL_Driver/Inc/stm32wbxx_ll_rcc.h:3385:22:LL_RCC_PLL_EnableDomain_SYS	4	static
../Drivers/STM32WBxx_HAL_Driver/Inc/stm32wbxx_ll_system.h:1976:22:LL_FLASH_SetLatency	16	static
../Drivers/STM32WBxx_HAL_Driver/Inc/stm32wbxx_ll_system.h:1990:26:LL_FLASH_GetLatency	4	static
../Drivers/STM32WBxx_HAL_Driver/Inc/stm32wbxx_ll_cortex.h:273:22:LL_SYSTICK_EnableIT	4	static
../Core/Src/main.c:73:5:main	16	static
../Core/Src/main.c:179:6:SystemClock_Config	8	static
../Core/Src/main.c:243:6:PeriphCommonClock_Config	8	static
../Core/Src/main.c:256:10:GetTick	4	static
../Core/Src/main.c:262:6:Tick_add	4	static
../Core/Src/main.c:268:6:Refresch_SysTick	16	static
../Core/Src/main.c:284:6:Error_Handler	4	static,ignoring_inline_asm
