../Drivers/CMSIS/Include/core_cm4.h:1679:22:__NVIC_EnableIRQ	16	static,ignoring_inline_asm
../Drivers/STM32WBxx_HAL_Driver/Inc/stm32wbxx_ll_dma.h:504:22:LL_DMA_EnableChannel	16	static
../Drivers/STM32WBxx_HAL_Driver/Inc/stm32wbxx_ll_dma.h:523:22:LL_DMA_DisableChannel	16	static
../Drivers/STM32WBxx_HAL_Driver/Inc/stm32wbxx_ll_dma.h:542:26:LL_DMA_IsEnabledChannel	16	static
../Drivers/STM32WBxx_HAL_Driver/Inc/stm32wbxx_ll_dma.h:930:22:LL_DMA_SetDataLength	24	static
../Drivers/STM32WBxx_HAL_Driver/Inc/stm32wbxx_ll_dma.h:981:22:LL_DMA_ConfigAddresses	24	static
../Drivers/STM32WBxx_HAL_Driver/Inc/stm32wbxx_ll_dma.h:1382:26:LL_DMA_IsActiveFlag_TC1	16	static
../Drivers/STM32WBxx_HAL_Driver/Inc/stm32wbxx_ll_dma.h:1459:26:LL_DMA_IsActiveFlag_HT1	16	static
../Drivers/STM32WBxx_HAL_Driver/Inc/stm32wbxx_ll_dma.h:1718:22:LL_DMA_ClearFlag_TC1	16	static
../Drivers/STM32WBxx_HAL_Driver/Inc/stm32wbxx_ll_dma.h:1795:22:LL_DMA_ClearFlag_HT1	16	static
../Drivers/STM32WBxx_HAL_Driver/Inc/stm32wbxx_ll_dma.h:1964:22:LL_DMA_EnableIT_TC	16	static
../Drivers/STM32WBxx_HAL_Driver/Inc/stm32wbxx_ll_dma.h:1983:22:LL_DMA_EnableIT_HT	16	static
../Drivers/STM32WBxx_HAL_Driver/Inc/stm32wbxx_ll_usart.h:4158:22:LL_USART_EnableDMAReq_TX	40	static,ignoring_inline_asm
../Drivers/STM32WBxx_HAL_Driver/Inc/stm32wbxx_ll_usart.h:4228:26:LL_USART_DMA_GetRegAddr	24	static
../Core/Src/ws2812.c:22:6:ws2811_refresh	32	static
../Core/Src/ws2812.c:73:6:ws2811_refresh_IRQ	40	static
../Core/Src/ws2812.c:173:6:ws2811_set_diode_HSV	32	static
../Core/Src/ws2812.c:234:6:WS2811_rainbow	24	static
../Core/Src/ws2812.c:250:6:WS2811_rainbow_puls	24	static
../Core/Src/ws2812.c:290:6:WS2811_set_color_HSV	32	static
../Core/Src/ws2812.c:298:6:WS2811_flash	40	static
../Core/Src/ws2812.c:306:6:WS2811_flash_color	24	static
../Core/Src/ws2812.c:323:6:WS2811_snake	16	static
../Core/Src/ws2812.c:380:6:WS2811_rainbow_flow	16	static
../Core/Src/ws2812.c:403:6:color_change	16	static
